<html>
<body>
<pre>
<h1>µVision Build Log</h1>
<h2>Tool Versions:</h2>
IDE-Version: ¦ÌVision V5.14.0.0
Copyright (C) 2015 ARM Ltd and ARM Germany GmbH. All rights reserved.
License Information: Alpha Alpha, hust, LIC=TA312-9YXS8-78LFD-80KL1-IUFXS-UU4YT
 
Tool Versions:
Toolchain:       MDK-ARM Professional  Version: 5.14.0.0
Toolchain Path:  C:\Keil_v5\ARM\ARMCC\Bin
C Compiler:      Armcc.exe V5.05 update 1 (build 106)
Assembler:       Armasm.exe V5.05 update 1 (build 106)
Linker/Locator:  ArmLink.exe V5.05 update 1 (build 106)
Library Manager: ArmAr.exe V5.05 update 1 (build 106)
Hex Converter:   FromElf.exe V5.05 update 1 (build 106)
CPU DLL:         SARMCM3.DLL V5.14.0.0
Dialog DLL:      DCM.DLL V1.13.1.0
Target DLL:      Segger\JL2CM3.dll V2.99.13.0
Dialog DLL:      TCM.DLL V1.14.4.0
 
<h2>Project:</h2>
F:\fallout\dachuang\WIFI_test\MDK-ARM\WIFI_test.uvprojx
Project File Date:  03/02/2020

<h2>Output:</h2>
Build target 'WIFI_test'
compiling esp8266.c...
..\Src\esp8266.c(192): warning:  #167-D: argument of type "char *" is incompatible with parameter of type "uint8_t *"
        while(esp8266_send_cmd(p,"WIFI GOT IP",1000)&&i)
..\Src\esp8266.c(212): warning:  #192-D: unrecognized character escape sequence
        sprintf((char*)p,"AT+CIPSTART=\"TCP\",\"%s\",\%s",IOT_DOMAIN_NAME,IOT_PORTNUM);
..\Src\esp8266.c(213): warning:  #167-D: argument of type "char *" is incompatible with parameter of type "uint8_t *"
        while(esp8266_send_cmd(p,"CONNECT",1000)&&i)
..\Src\esp8266.c: 3 warnings, 0 errors
compiling transport.c...
..\Mqtt\transport.c(56): warning:  #177-D: variable "i" was declared but never referenced
        uint8_t i=10;
..\Mqtt\transport.c: 1 warning, 0 errors
linking...
Program Size: Code=19088 RO-data=512 RW-data=36 ZI-data=7276  
FromELF: creating hex file...
"WIFI_test\WIFI_test.axf" - 0 Error(s), 4 Warning(s).

<h2>Software Packages used:</h2>

Package Vendor: ARM
                http://www.keil.com/pack/ARM.CMSIS.4.2.0.pack
                ARM::CMSIS:CORE:3.40.0
                CMSIS (Cortex Microcontroller Software Interface Standard)
   * Component: CORE Version: 3.40.0

<h2>Collection of Component include folders:</h2>
  F:\fallout\dachuang\WIFI_test\MDK-ARM\RTE
  C:\Keil_v5\ARM\PACK\ARM\CMSIS\4.2.0\CMSIS\Include
  C:\Keil_v5\ARM\PACK\Keil\STM32F1xx_DFP\1.0.5\Device\Include

<h2>Collection of Component Files used:</h2>

   * Component: ARM::CMSIS:CORE:3.40.0
      Source file:   CMSIS\UserCodeTemplates\ARM\ITM_Retarget.c
</pre>
</body>
</html>
