Component: ARM Compiler 5.05 update 1 (build 106) Tool: armlink [4d0efa]

==============================================================================

Section Cross References

    startup_stm32f103xe.o(RESET) refers to startup_stm32f103xe.o(STACK) for __initial_sp
    startup_stm32f103xe.o(RESET) refers to startup_stm32f103xe.o(.text) for Reset_Handler
    startup_stm32f103xe.o(RESET) refers to stm32f1xx_it.o(i.NMI_Handler) for NMI_Handler
    startup_stm32f103xe.o(RESET) refers to stm32f1xx_it.o(i.HardFault_Handler) for HardFault_Handler
    startup_stm32f103xe.o(RESET) refers to stm32f1xx_it.o(i.MemManage_Handler) for MemManage_Handler
    startup_stm32f103xe.o(RESET) refers to stm32f1xx_it.o(i.BusFault_Handler) for BusFault_Handler
    startup_stm32f103xe.o(RESET) refers to stm32f1xx_it.o(i.UsageFault_Handler) for UsageFault_Handler
    startup_stm32f103xe.o(RESET) refers to stm32f1xx_it.o(i.SVC_Handler) for SVC_Handler
    startup_stm32f103xe.o(RESET) refers to stm32f1xx_it.o(i.DebugMon_Handler) for DebugMon_Handler
    startup_stm32f103xe.o(RESET) refers to stm32f1xx_it.o(i.PendSV_Handler) for PendSV_Handler
    startup_stm32f103xe.o(RESET) refers to stm32f1xx_it.o(i.SysTick_Handler) for SysTick_Handler
    startup_stm32f103xe.o(RESET) refers to stm32f1xx_it.o(i.TIM2_IRQHandler) for TIM2_IRQHandler
    startup_stm32f103xe.o(RESET) refers to stm32f1xx_it.o(i.USART1_IRQHandler) for USART1_IRQHandler
    startup_stm32f103xe.o(RESET) refers to stm32f1xx_it.o(i.USART3_IRQHandler) for USART3_IRQHandler
    startup_stm32f103xe.o(.text) refers to system_stm32f1xx.o(i.SystemInit) for SystemInit
    startup_stm32f103xe.o(.text) refers to entry.o(.ARM.Collect$$$$00000000) for __main
    esp8266.o(i.esp8266_Connect_AP) refers to malloc.o(i.malloc) for malloc
    esp8266.o(i.esp8266_Connect_AP) refers to printfa.o(i.__0sprintf) for __2sprintf
    esp8266.o(i.esp8266_Connect_AP) refers to usart.o(i.u1_printf) for u1_printf
    esp8266.o(i.esp8266_Connect_AP) refers to esp8266.o(i.esp8266_send_cmd) for esp8266_send_cmd
    esp8266.o(i.esp8266_Connect_AP) refers to malloc.o(i.free) for free
    esp8266.o(i.esp8266_Connect_IOTServer) refers to usart.o(i.u1_printf) for u1_printf
    esp8266.o(i.esp8266_Connect_IOTServer) refers to stm32f1xx_hal.o(i.HAL_Delay) for HAL_Delay
    esp8266.o(i.esp8266_Connect_IOTServer) refers to esp8266.o(i.esp8266_send_cmd) for esp8266_send_cmd
    esp8266.o(i.esp8266_Connect_IOTServer) refers to esp8266.o(i.esp8266_quit_trans) for esp8266_quit_trans
    esp8266.o(i.esp8266_Connect_IOTServer) refers to esp8266.o(i.esp8266_Connect_AP) for esp8266_Connect_AP
    esp8266.o(i.esp8266_Connect_IOTServer) refers to esp8266.o(i.esp8266_Connect_Server) for esp8266_Connect_Server
    esp8266.o(i.esp8266_Connect_IOTServer) refers to memseta.o(.text) for __aeabi_memclr
    esp8266.o(i.esp8266_Connect_IOTServer) refers to usart.o(.data) for USART3_RX_STA
    esp8266.o(i.esp8266_Connect_IOTServer) refers to usart.o(.bss) for USART3_RX_BUF
    esp8266.o(i.esp8266_Connect_Server) refers to malloc.o(i.malloc) for malloc
    esp8266.o(i.esp8266_Connect_Server) refers to printfa.o(i.__0sprintf) for __2sprintf
    esp8266.o(i.esp8266_Connect_Server) refers to usart.o(i.u1_printf) for u1_printf
    esp8266.o(i.esp8266_Connect_Server) refers to esp8266.o(i.esp8266_send_cmd) for esp8266_send_cmd
    esp8266.o(i.esp8266_Connect_Server) refers to malloc.o(i.free) for free
    esp8266.o(i.esp8266_check_cmd) refers to usart.o(i.u1_printf) for u1_printf
    esp8266.o(i.esp8266_check_cmd) refers to strstr.o(.text) for strstr
    esp8266.o(i.esp8266_check_cmd) refers to usart.o(.data) for USART3_RX_STA
    esp8266.o(i.esp8266_check_cmd) refers to usart.o(.bss) for USART3_RX_BUF
    esp8266.o(i.esp8266_quit_trans) refers to stm32f1xx_hal.o(i.HAL_Delay) for HAL_Delay
    esp8266.o(i.esp8266_quit_trans) refers to esp8266.o(i.esp8266_send_cmd) for esp8266_send_cmd
    esp8266.o(i.esp8266_send_cmd) refers to memseta.o(.text) for __aeabi_memclr
    esp8266.o(i.esp8266_send_cmd) refers to usart.o(i.u3_printf) for u3_printf
    esp8266.o(i.esp8266_send_cmd) refers to stm32f1xx_hal.o(i.HAL_Delay) for HAL_Delay
    esp8266.o(i.esp8266_send_cmd) refers to esp8266.o(i.esp8266_check_cmd) for esp8266_check_cmd
    esp8266.o(i.esp8266_send_cmd) refers to usart.o(i.u1_printf) for u1_printf
    esp8266.o(i.esp8266_send_cmd) refers to usart.o(.data) for USART3_RX_STA
    esp8266.o(i.esp8266_send_cmd) refers to usart.o(.bss) for USART3_RX_BUF
    main.o(i.SystemClock_Config) refers to memseta.o(.text) for __aeabi_memclr4
    main.o(i.SystemClock_Config) refers to stm32f1xx_hal_rcc.o(i.HAL_RCC_OscConfig) for HAL_RCC_OscConfig
    main.o(i.SystemClock_Config) refers to stm32f1xx_hal_rcc.o(i.HAL_RCC_ClockConfig) for HAL_RCC_ClockConfig
    main.o(i.main) refers to stm32f1xx_hal.o(i.HAL_Init) for HAL_Init
    main.o(i.main) refers to main.o(i.SystemClock_Config) for SystemClock_Config
[...]
    Removing stm32f1xx_hal_flash.o(i.HAL_FLASH_OB_Unlock), (36 bytes).
    Removing stm32f1xx_hal_flash.o(i.HAL_FLASH_OperationErrorCallback), (2 bytes).
    Removing stm32f1xx_hal_flash.o(i.HAL_FLASH_Program), (128 bytes).
    Removing stm32f1xx_hal_flash.o(i.HAL_FLASH_Program_IT), (100 bytes).
    Removing stm32f1xx_hal_flash.o(i.HAL_FLASH_Unlock), (40 bytes).
    Removing stm32f1xx_hal_flash.o(.bss), (32 bytes).
    Removing stm32f1xx_hal_flash_ex.o(.rev16_text), (4 bytes).
    Removing stm32f1xx_hal_flash_ex.o(.revsh_text), (4 bytes).
    Removing stm32f1xx_hal_flash_ex.o(.rrx_text), (6 bytes).
    Removing stm32f1xx_hal_flash_ex.o(i.FLASH_MassErase), (36 bytes).
    Removing stm32f1xx_hal_flash_ex.o(i.FLASH_OB_DisableWRP), (176 bytes).
    Removing stm32f1xx_hal_flash_ex.o(i.FLASH_OB_EnableWRP), (176 bytes).
    Removing stm32f1xx_hal_flash_ex.o(i.FLASH_OB_GetRDP), (24 bytes).
    Removing stm32f1xx_hal_flash_ex.o(i.FLASH_OB_RDP_LevelConfig), (100 bytes).
    Removing stm32f1xx_hal_flash_ex.o(i.FLASH_PageErase), (36 bytes).
    Removing stm32f1xx_hal_flash_ex.o(i.HAL_FLASHEx_Erase), (168 bytes).
    Removing stm32f1xx_hal_flash_ex.o(i.HAL_FLASHEx_Erase_IT), (84 bytes).
    Removing stm32f1xx_hal_flash_ex.o(i.HAL_FLASHEx_OBErase), (84 bytes).
    Removing stm32f1xx_hal_flash_ex.o(i.HAL_FLASHEx_OBGetConfig), (36 bytes).
    Removing stm32f1xx_hal_flash_ex.o(i.HAL_FLASHEx_OBGetUserData), (32 bytes).
    Removing stm32f1xx_hal_flash_ex.o(i.HAL_FLASHEx_OBProgram), (200 bytes).
    Removing stm32f1xx_hal_exti.o(.rev16_text), (4 bytes).
    Removing stm32f1xx_hal_exti.o(.revsh_text), (4 bytes).
    Removing stm32f1xx_hal_exti.o(.rrx_text), (6 bytes).
    Removing stm32f1xx_hal_exti.o(i.HAL_EXTI_ClearConfigLine), (104 bytes).
    Removing stm32f1xx_hal_exti.o(i.HAL_EXTI_ClearPending), (20 bytes).
    Removing stm32f1xx_hal_exti.o(i.HAL_EXTI_GenerateSWI), (20 bytes).
    Removing stm32f1xx_hal_exti.o(i.HAL_EXTI_GetConfigLine), (152 bytes).
    Removing stm32f1xx_hal_exti.o(i.HAL_EXTI_GetHandle), (12 bytes).
    Removing stm32f1xx_hal_exti.o(i.HAL_EXTI_GetPending), (24 bytes).
    Removing stm32f1xx_hal_exti.o(i.HAL_EXTI_IRQHandler), (36 bytes).
    Removing stm32f1xx_hal_exti.o(i.HAL_EXTI_RegisterCallback), (14 bytes).
    Removing stm32f1xx_hal_exti.o(i.HAL_EXTI_SetConfigLine), (164 bytes).
    Removing stm32f1xx_hal_uart.o(.rev16_text), (4 bytes).
    Removing stm32f1xx_hal_uart.o(.revsh_text), (4 bytes).
    Removing stm32f1xx_hal_uart.o(.rrx_text), (6 bytes).
    Removing stm32f1xx_hal_uart.o(i.HAL_HalfDuplex_EnableReceiver), (50 bytes).
    Removing stm32f1xx_hal_uart.o(i.HAL_HalfDuplex_EnableTransmitter), (50 bytes).
    Removing stm32f1xx_hal_uart.o(i.HAL_HalfDuplex_Init), (108 bytes).
    Removing stm32f1xx_hal_uart.o(i.HAL_LIN_Init), (128 bytes).
    Removing stm32f1xx_hal_uart.o(i.HAL_LIN_SendBreak), (46 bytes).
    Removing stm32f1xx_hal_uart.o(i.HAL_MultiProcessor_EnterMuteMode), (46 bytes).
    Removing stm32f1xx_hal_uart.o(i.HAL_MultiProcessor_ExitMuteMode), (46 bytes).
    Removing stm32f1xx_hal_uart.o(i.HAL_MultiProcessor_Init), (142 bytes).
    Removing stm32f1xx_hal_uart.o(i.HAL_UART_Abort), (138 bytes).
    Removing stm32f1xx_hal_uart.o(i.HAL_UART_AbortCpltCallback), (2 bytes).
    Removing stm32f1xx_hal_uart.o(i.HAL_UART_AbortReceive), (88 bytes).
    Removing stm32f1xx_hal_uart.o(i.HAL_UART_AbortReceiveCpltCallback), (2 bytes).
    Removing stm32f1xx_hal_uart.o(i.HAL_UART_AbortReceive_IT), (92 bytes).
    Removing stm32f1xx_hal_uart.o(i.HAL_UART_AbortTransmit), (78 bytes).
    Removing stm32f1xx_hal_uart.o(i.HAL_UART_AbortTransmitCpltCallback), (2 bytes).
    Removing stm32f1xx_hal_uart.o(i.HAL_UART_AbortTransmit_IT), (84 bytes).
    Removing stm32f1xx_hal_uart.o(i.HAL_UART_Abort_IT), (172 bytes).
    Removing stm32f1xx_hal_uart.o(i.HAL_UART_DMAPause), (102 bytes).
    Removing stm32f1xx_hal_uart.o(i.HAL_UART_DMAResume), (94 bytes).
    Removing stm32f1xx_hal_uart.o(i.HAL_UART_DMAStop), (88 bytes).
    Removing stm32f1xx_hal_uart.o(i.HAL_UART_DeInit), (50 bytes).
    Removing stm32f1xx_hal_uart.o(i.HAL_UART_GetError), (4 bytes).
    Removing stm32f1xx_hal_uart.o(i.HAL_UART_GetState), (10 bytes).
    Removing stm32f1xx_hal_uart.o(i.HAL_UART_MspDeInit), (2 bytes).
    Removing stm32f1xx_hal_uart.o(i.HAL_UART_MspInit), (2 bytes).
    Removing stm32f1xx_hal_uart.o(i.HAL_UART_Receive), (184 bytes).
    Removing stm32f1xx_hal_uart.o(i.HAL_UART_Receive_DMA), (152 bytes).
    Removing stm32f1xx_hal_uart.o(i.HAL_UART_RxCpltCallback), (2 bytes).
    Removing stm32f1xx_hal_uart.o(i.HAL_UART_RxHalfCpltCallback), (2 bytes).
    Removing stm32f1xx_hal_uart.o(i.HAL_UART_Transmit_DMA), (128 bytes).
    Removing stm32f1xx_hal_uart.o(i.HAL_UART_Transmit_IT), (62 bytes).
    Removing stm32f1xx_hal_uart.o(i.HAL_UART_TxHalfCpltCallback), (2 bytes).
    Removing stm32f1xx_hal_uart.o(i.UART_DMAError), (74 bytes).
    Removing stm32f1xx_hal_uart.o(i.UART_DMAReceiveCplt), (60 bytes).
    Removing stm32f1xx_hal_uart.o(i.UART_DMARxAbortCallback), (42 bytes).
    Removing stm32f1xx_hal_uart.o(i.UART_DMARxHalfCplt), (10 bytes).
    Removing stm32f1xx_hal_uart.o(i.UART_DMARxOnlyAbortCallback), (20 bytes).
    Removing stm32f1xx_hal_uart.o(i.UART_DMATransmitCplt), (46 bytes).
    Removing stm32f1xx_hal_uart.o(i.UART_DMATxAbortCallback), (42 bytes).
    Removing stm32f1xx_hal_uart.o(i.UART_DMATxHalfCplt), (10 bytes).
    Removing stm32f1xx_hal_uart.o(i.UART_DMATxOnlyAbortCallback), (20 bytes).
    Removing stm32f1xx_hal_uart.o(i.UART_EndTxTransfer), (18 bytes).
    Removing system_stm32f1xx.o(.rev16_text), (4 bytes).
    Removing system_stm32f1xx.o(.revsh_text), (4 bytes).
    Removing system_stm32f1xx.o(.rrx_text), (6 bytes).
    Removing system_stm32f1xx.o(i.SystemCoreClockUpdate), (104 bytes).
    Removing mqttconnectclient.o(i.MQTTSerialize_disconnect), (6 bytes).
    Removing mqttconnectserver.o(i.MQTTDeserialize_connect), (248 bytes).
    Removing mqttconnectserver.o(i.MQTTPacket_checkVersion), (68 bytes).
    Removing mqttconnectserver.o(i.MQTTSerialize_connack), (84 bytes).
    Removing mqttdeserializepublish.o(i.MQTTDeserialize_ack), (72 bytes).
    Removing mqttdeserializepublish.o(i.MQTTDeserialize_publish), (138 bytes).
    Removing mqttformat.o(i.MQTTPacket_getName), (12 bytes).
    Removing mqttformat.o(i.MQTTStringFormat_ack), (84 bytes).
    Removing mqttformat.o(i.MQTTStringFormat_connack), (48 bytes).
    Removing mqttformat.o(i.MQTTStringFormat_connect), (176 bytes).
    Removing mqttformat.o(i.MQTTStringFormat_publish), (76 bytes).
    Removing mqttformat.o(i.MQTTStringFormat_suback), (64 bytes).
    Removing mqttformat.o(i.MQTTStringFormat_subscribe), (100 bytes).
    Removing mqttformat.o(i.MQTTStringFormat_unsubscribe), (88 bytes).
    Removing mqttformat.o(.conststring), (383 bytes).
    Removing mqttformat.o(.data), (60 bytes).
    Removing mqttpacket.o(i.MQTTPacket_equals), (52 bytes).
    Removing mqttpacket.o(i.MQTTPacket_readnb), (212 bytes).
    Removing mqttpacket.o(i.getLenStringLen), (10 bytes).
    Removing mqttpacket.o(i.readInt), (18 bytes).
    Removing mqttpacket.o(i.readMQTTLenString), (52 bytes).
    Removing mqttserializepublish.o(i.MQTTSerialize_ack), (72 bytes).
    Removing mqttserializepublish.o(i.MQTTSerialize_puback), (14 bytes).
    Removing mqttserializepublish.o(i.MQTTSerialize_pubcomp), (14 bytes).
    Removing mqttserializepublish.o(i.MQTTSerialize_publish), (134 bytes).
    Removing mqttserializepublish.o(i.MQTTSerialize_publishLength), (30 bytes).
    Removing mqttserializepublish.o(i.MQTTSerialize_pubrel), (14 bytes).
    Removing mqttsubscribeclient.o(i.MQTTDeserialize_suback), (124 bytes).
    Removing mqttsubscribeclient.o(i.MQTTSerialize_subscribe), (140 bytes).
    Removing mqttsubscribeclient.o(i.MQTTSerialize_subscribeLength), (46 bytes).
    Removing mqttsubscribeserver.o(i.MQTTDeserialize_subscribe), (144 bytes).
    Removing mqttsubscribeserver.o(i.MQTTSerialize_suback), (86 bytes).
    Removing mqttunsubscribeclient.o(i.MQTTDeserialize_unsuback), (38 bytes).
    Removing mqttunsubscribeclient.o(i.MQTTSerialize_unsubscribe), (126 bytes).
    Removing mqttunsubscribeclient.o(i.MQTTSerialize_unsubscribeLength), (46 bytes).
    Removing mqttunsubscribeserver.o(i.MQTTDeserialize_unsubscribe), (122 bytes).
    Removing mqttunsubscribeserver.o(i.MQTTSerialize_unsuback), (60 bytes).
    Removing transport.o(.rev16_text), (4 bytes).
    Removing transport.o(.revsh_text), (4 bytes).
    Removing transport.o(.rrx_text), (6 bytes).
    Removing transport.o(i.transport_close), (4 bytes).
    Removing transport.o(i.transport_getdatanb), (4 bytes).
    Removing transport.o(i.transport_open), (4 bytes).
    Removing iot_baidu.o(.rev16_text), (4 bytes).
    Removing iot_baidu.o(.revsh_text), (4 bytes).
    Removing iot_baidu.o(.rrx_text), (6 bytes).
    Removing iot_baidu.o(.data), (1 bytes).
    Removing utils_hmac.o(i.base64_decode), (220 bytes).
    Removing utils_hmac.o(i.utils_hmac_md5), (214 bytes).
    Removing utils_hmac.o(.conststring), (65 bytes).
    Removing utils_hmac.o(.data), (4 bytes).
    Removing utils_md5.o(i.utils_md5), (50 bytes).
    Removing utils_md5.o(i.utils_md5_clone), (6 bytes).
    Removing utils_md5.o(i.utils_md5_finish), (196 bytes).
    Removing utils_md5.o(i.utils_md5_free), (18 bytes).
    Removing utils_md5.o(i.utils_md5_init), (6 bytes).
    Removing utils_md5.o(i.utils_md5_process), (2036 bytes).
    Removing utils_md5.o(i.utils_md5_starts), (36 bytes).
    Removing utils_md5.o(i.utils_md5_update), (112 bytes).
    Removing utils_md5.o(.constdata), (64 bytes).
    Removing utils_sha1.o(i.utils_sha1), (50 bytes).
    Removing utils_sha1.o(i.utils_sha1_clone), (6 bytes).
    Removing utils_sha1.o(i.utils_sha1_free), (18 bytes).

432 unused section(s) (total 27445 bytes) removed from the image.

==============================================================================

Image Symbol Table

    Local Symbols

    Symbol Name                              Value     Ov Type        Size  Object(Section)

    ../Drivers/STM32F1xx_HAL_Driver/Src/stm32f1xx_hal.c 0x00000000   Number         0  stm32f1xx_hal.o ABSOLUTE
    ../Drivers/STM32F1xx_HAL_Driver/Src/stm32f1xx_hal_cortex.c 0x00000000   Number         0  stm32f1xx_hal_cortex.o ABSOLUTE
    ../Drivers/STM32F1xx_HAL_Driver/Src/stm32f1xx_hal_dma.c 0x00000000   Number         0  stm32f1xx_hal_dma.o ABSOLUTE
    ../Drivers/STM32F1xx_HAL_Driver/Src/stm32f1xx_hal_exti.c 0x00000000   Number         0  stm32f1xx_hal_exti.o ABSOLUTE
    ../Drivers/STM32F1xx_HAL_Driver/Src/stm32f1xx_hal_flash.c 0x00000000   Number         0  stm32f1xx_hal_flash.o ABSOLUTE
    ../Drivers/STM32F1xx_HAL_Driver/Src/stm32f1xx_hal_flash_ex.c 0x00000000   Number         0  stm32f1xx_hal_flash_ex.o ABSOLUTE
    ../Drivers/STM32F1xx_HAL_Driver/Src/stm32f1xx_hal_gpio.c 0x00000000   Number         0  stm32f1xx_hal_gpio.o ABSOLUTE
    ../Drivers/STM32F1xx_HAL_Driver/Src/stm32f1xx_hal_gpio_ex.c 0x00000000   Number         0  stm32f1xx_hal_gpio_ex.o ABSOLUTE
    ../Drivers/STM32F1xx_HAL_Driver/Src/stm32f1xx_hal_pwr.c 0x00000000   Number         0  stm32f1xx_hal_pwr.o ABSOLUTE
    ../Drivers/STM32F1xx_HAL_Driver/Src/stm32f1xx_hal_rcc.c 0x00000000   Number         0  stm32f1xx_hal_rcc.o ABSOLUTE
    ../Drivers/STM32F1xx_HAL_Driver/Src/stm32f1xx_hal_rcc_ex.c 0x00000000   Number         0  stm32f1xx_hal_rcc_ex.o ABSOLUTE
    ../Drivers/STM32F1xx_HAL_Driver/Src/stm32f1xx_hal_tim.c 0x00000000   Number         0  stm32f1xx_hal_tim.o ABSOLUTE
    ../Drivers/STM32F1xx_HAL_Driver/Src/stm32f1xx_hal_tim_ex.c 0x00000000   Number         0  stm32f1xx_hal_tim_ex.o ABSOLUTE
    ../Drivers/STM32F1xx_HAL_Driver/Src/stm32f1xx_hal_uart.c 0x00000000   Number         0  stm32f1xx_hal_uart.o ABSOLUTE
    ../Src/gpio.c                            0x00000000   Number         0  gpio.o ABSOLUTE
    ../Src/main.c                            0x00000000   Number         0  main.o ABSOLUTE
    ../Src/stm32f1xx_hal_msp.c               0x00000000   Number         0  stm32f1xx_hal_msp.o ABSOLUTE
    ../Src/stm32f1xx_it.c                    0x00000000   Number         0  stm32f1xx_it.o ABSOLUTE
    ../Src/sys.c                             0x00000000   Number         0  sys.o ABSOLUTE
    ../Src/system_stm32f1xx.c                0x00000000   Number         0  system_stm32f1xx.o ABSOLUTE
    ../Src/tim.c                             0x00000000   Number         0  tim.o ABSOLUTE
    ../Src/usart.c                           0x00000000   Number         0  usart.o ABSOLUTE
    ../clib/microlib/division.c              0x00000000   Number         0  uldiv.o ABSOLUTE
    ../clib/microlib/division.c              0x00000000   Number         0  uidiv.o ABSOLUTE
    ../clib/microlib/init/entry.s            0x00000000   Number         0  entry9b.o ABSOLUTE
    ../clib/microlib/init/entry.s            0x00000000   Number         0  entry11a.o ABSOLUTE
    ../clib/microlib/init/entry.s            0x00000000   Number         0  entry11b.o ABSOLUTE
    ../clib/microlib/init/entry.s            0x00000000   Number         0  entry8b.o ABSOLUTE
    ../clib/microlib/init/entry.s            0x00000000   Number         0  entry2.o ABSOLUTE
    ../clib/microlib/init/entry.s            0x00000000   Number         0  entry5.o ABSOLUTE
    ../clib/microlib/init/entry.s            0x00000000   Number         0  entry10b.o ABSOLUTE
    ../clib/microlib/init/entry.s            0x00000000   Number         0  entry7a.o ABSOLUTE
    ../clib/microlib/init/entry.s            0x00000000   Number         0  entry9a.o ABSOLUTE
    ../clib/microlib/init/entry.s            0x00000000   Number         0  entry10a.o ABSOLUTE
    ../clib/microlib/init/entry.s            0x00000000   Number         0  entry7b.o ABSOLUTE
    ../clib/microlib/init/entry.s            0x00000000   Number         0  entry.o ABSOLUTE
    ../clib/microlib/init/entry.s            0x00000000   Number         0  entry8a.o ABSOLUTE
    ../clib/microlib/longlong.c              0x00000000   Number         0  llshl.o ABSOLUTE
    ../clib/microlib/longlong.c              0x00000000   Number         0  llsshr.o ABSOLUTE
    ../clib/microlib/longlong.c              0x00000000   Number         0  llushr.o ABSOLUTE
    ../clib/microlib/malloc/malloc.c         0x00000000   Number         0  mallocra.o ABSOLUTE
    ../clib/microlib/malloc/malloc.c         0x00000000   Number         0  malloca.o ABSOLUTE
    ../clib/microlib/malloc/malloc.c         0x00000000   Number         0  mallocr.o ABSOLUTE
    ../clib/microlib/malloc/malloc.c         0x00000000   Number         0  malloc.o ABSOLUTE
    ../clib/microlib/malloc/mvars.c          0x00000000   Number         0  mvars.o ABSOLUTE
    ../clib/microlib/printf/printf.c         0x00000000   Number         0  printf0.o ABSOLUTE
    ../clib/microlib/printf/printf.c         0x00000000   Number         0  printf2.o ABSOLUTE
    ../clib/microlib/printf/printf.c         0x00000000   Number         0  printf4.o ABSOLUTE
    ../clib/microlib/printf/printf.c         0x00000000   Number         0  printf8.o ABSOLUTE
    ../clib/microlib/printf/printf.c         0x00000000   Number         0  printfa.o ABSOLUTE
    ../clib/microlib/printf/printf.c         0x00000000   Number         0  printf7.o ABSOLUTE
    ../clib/microlib/printf/printf.c         0x00000000   Number         0  printf6.o ABSOLUTE
    ../clib/microlib/printf/printf.c         0x00000000   Number         0  printf5.o ABSOLUTE
    ../clib/microlib/printf/printf.c         0x00000000   Number         0  printfb.o ABSOLUTE
    ../clib/microlib/printf/printf.c         0x00000000   Number         0  printf3.o ABSOLUTE
    ../clib/microlib/printf/printf.c         0x00000000   Number         0  printf1.o ABSOLUTE
    ../clib/microlib/printf/stubs.s          0x00000000   Number         0  stubs.o ABSOLUTE
    ../clib/microlib/stdio/fputc.c           0x00000000   Number         0  fputc.o ABSOLUTE
    ../clib/microlib/stdio/semi.s            0x00000000   Number         0  semi.o ABSOLUTE
    ../clib/microlib/stdio/streams.c         0x00000000   Number         0  stdout.o ABSOLUTE
    ../clib/microlib/string/memcmp.c         0x00000000   Number         0  memcmp.o ABSOLUTE
    ../clib/microlib/string/memcpy.c         0x00000000   Number         0  memcpyb.o ABSOLUTE
    ../clib/microlib/string/memcpy.c         0x00000000   Number         0  memcpya.o ABSOLUTE
    ../clib/microlib/string/memset.c         0x00000000   Number         0  memseta.o ABSOLUTE
    ../clib/microlib/string/strlen.c         0x00000000   Number         0  strlen.o ABSOLUTE
    ../clib/microlib/string/strncmp.c        0x00000000   Number         0  strncmp.o ABSOLUTE
    ../clib/microlib/string/strstr.c         0x00000000   Number         0  strstr.o ABSOLUTE
    ../clib/microlib/stubs.s                 0x00000000   Number         0  iusefp.o ABSOLUTE
    ../clib/microlib/stubs.s                 0x00000000   Number         0  iusesemip.o ABSOLUTE
    ../fplib/microlib/fpadd.c                0x00000000   Number         0  dadd.o ABSOLUTE
    ../fplib/microlib/fpdiv.c                0x00000000   Number         0  ddiv.o ABSOLUTE
    ../fplib/microlib/fpepilogue.c           0x00000000   Number         0  depilogue.o ABSOLUTE
    ../fplib/microlib/fpfix.c                0x00000000   Number         0  dfixul.o ABSOLUTE
    ../fplib/microlib/fpmul.c                0x00000000   Number         0  dmul.o ABSOLUTE
    ..\Drivers\STM32F1xx_HAL_Driver\Src\stm32f1xx_hal.c 0x00000000   Number         0  stm32f1xx_hal.o ABSOLUTE
    ..\Drivers\STM32F1xx_HAL_Driver\Src\stm32f1xx_hal_cortex.c 0x00000000   Number         0  stm32f1xx_hal_cortex.o ABSOLUTE
    ..\Drivers\STM32F1xx_HAL_Driver\Src\stm32f1xx_hal_dma.c 0x00000000   Number         0  stm32f1xx_hal_dma.o ABSOLUTE
    ..\Drivers\STM32F1xx_HAL_Driver\Src\stm32f1xx_hal_exti.c 0x00000000   Number         0  stm32f1xx_hal_exti.o ABSOLUTE
    ..\Drivers\STM32F1xx_HAL_Driver\Src\stm32f1xx_hal_flash.c 0x00000000   Number         0  stm32f1xx_hal_flash.o ABSOLUTE
    ..\Drivers\STM32F1xx_HAL_Driver\Src\stm32f1xx_hal_flash_ex.c 0x00000000   Number         0  stm32f1xx_hal_flash_ex.o ABSOLUTE
    ..\Drivers\STM32F1xx_HAL_Driver\Src\stm32f1xx_hal_gpio.c 0x00000000   Number         0  stm32f1xx_hal_gpio.o ABSOLUTE
    ..\Drivers\STM32F1xx_HAL_Driver\Src\stm32f1xx_hal_gpio_ex.c 0x00000000   Number         0  stm32f1xx_hal_gpio_ex.o ABSOLUTE
    ..\Drivers\STM32F1xx_HAL_Driver\Src\stm32f1xx_hal_pwr.c 0x00000000   Number         0  stm32f1xx_hal_pwr.o ABSOLUTE
    ..\Drivers\STM32F1xx_HAL_Driver\Src\stm32f1xx_hal_rcc.c 0x00000000   Number         0  stm32f1xx_hal_rcc.o ABSOLUTE
    ..\Drivers\STM32F1xx_HAL_Driver\Src\stm32f1xx_hal_rcc_ex.c 0x00000000   Number         0  stm32f1xx_hal_rcc_ex.o ABSOLUTE
    ..\Drivers\STM32F1xx_HAL_Driver\Src\stm32f1xx_hal_tim.c 0x00000000   Number         0  stm32f1xx_hal_tim.o ABSOLUTE
    ..\Drivers\STM32F1xx_HAL_Driver\Src\stm32f1xx_hal_tim_ex.c 0x00000000   Number         0  stm32f1xx_hal_tim_ex.o ABSOLUTE
    ..\Drivers\STM32F1xx_HAL_Driver\Src\stm32f1xx_hal_uart.c 0x00000000   Number         0  stm32f1xx_hal_uart.o ABSOLUTE
    ..\HMAC\utils_hmac.c                     0x00000000   Number         0  utils_hmac.o ABSOLUTE
    ..\HMAC\utils_md5.c                      0x00000000   Number         0  utils_md5.o ABSOLUTE
    ..\HMAC\utils_sha1.c                     0x00000000   Number         0  utils_sha1.o ABSOLUTE
    ..\IOT\IOT_baidu.c                       0x00000000   Number         0  iot_baidu.o ABSOLUTE
    ..\Mqtt\MQTTConnectClient.c              0x00000000   Number         0  mqttconnectclient.o ABSOLUTE
    ..\Mqtt\MQTTConnectServer.c              0x00000000   Number         0  mqttconnectserver.o ABSOLUTE
    ..\Mqtt\MQTTDeserializePublish.c         0x00000000   Number         0  mqttdeserializepublish.o ABSOLUTE
    ..\Mqtt\MQTTFormat.c                     0x00000000   Number         0  mqttformat.o ABSOLUTE
    ..\Mqtt\MQTTPacket.c                     0x00000000   Number         0  mqttpacket.o ABSOLUTE
    ..\Mqtt\MQTTSerializePublish.c           0x00000000   Number         0  mqttserializepublish.o ABSOLUTE
    ..\Mqtt\MQTTSubscribeClient.c            0x00000000   Number         0  mqttsubscribeclient.o ABSOLUTE
    ..\Mqtt\MQTTSubscribeServer.c            0x00000000   Number         0  mqttsubscribeserver.o ABSOLUTE
    ..\Mqtt\MQTTUnsubscribeClient.c          0x00000000   Number         0  mqttunsubscribeclient.o ABSOLUTE
    ..\Mqtt\MQTTUnsubscribeServer.c          0x00000000   Number         0  mqttunsubscribeserver.o ABSOLUTE
    ..\Mqtt\transport.c                      0x00000000   Number         0  transport.o ABSOLUTE
    ..\Src\esp8266.c                         0x00000000   Number         0  esp8266.o ABSOLUTE
    ..\Src\gpio.c                            0x00000000   Number         0  gpio.o ABSOLUTE
    ..\Src\main.c                            0x00000000   Number         0  main.o ABSOLUTE
    ..\Src\stm32f1xx_hal_msp.c               0x00000000   Number         0  stm32f1xx_hal_msp.o ABSOLUTE
    ..\Src\stm32f1xx_it.c                    0x00000000   Number         0  stm32f1xx_it.o ABSOLUTE
    ..\Src\sys.c                             0x00000000   Number         0  sys.o ABSOLUTE
    ..\Src\system_stm32f1xx.c                0x00000000   Number         0  system_stm32f1xx.o ABSOLUTE
    ..\Src\tim.c                             0x00000000   Number         0  tim.o ABSOLUTE
    ..\Src\usart.c                           0x00000000   Number         0  usart.o ABSOLUTE
    ..\\IOT\\IOT_baidu.c                     0x00000000   Number         0  iot_baidu.o ABSOLUTE
    ..\\Mqtt\\transport.c                    0x00000000   Number         0  transport.o ABSOLUTE
    ..\\Src\\esp8266.c                       0x00000000   Number         0  esp8266.o ABSOLUTE
    cdrcmple.s                               0x00000000   Number         0  cdrcmple.o ABSOLUTE
    dc.s                                     0x00000000   Number         0  dc.o ABSOLUTE
    handlers.s                               0x00000000   Number         0  handlers.o ABSOLUTE
    init.s                                   0x00000000   Number         0  init.o ABSOLUTE
    startup_stm32f103xe.s                    0x00000000   Number         0  startup_stm32f103xe.o ABSOLUTE
    RESET                                    0x08000000   Section      304  startup_stm32f103xe.o(RESET)
    .ARM.Collect$$$$00000000                 0x08000130   Section        0  entry.o(.ARM.Collect$$$$00000000)
    .ARM.Collect$$$$00000001                 0x08000130   Section        4  entry2.o(.ARM.Collect$$$$00000001)
    .ARM.Collect$$$$00000004                 0x08000134   Section        4  entry5.o(.ARM.Collect$$$$00000004)
    .ARM.Collect$$$$00000008                 0x08000138   Section        0  entry7b.o(.ARM.Collect$$$$00000008)
    .ARM.Collect$$$$0000000A                 0x08000138   Section        0  entry8b.o(.ARM.Collect$$$$0000000A)
    .ARM.Collect$$$$0000000B                 0x08000138   Section        8  entry9a.o(.ARM.Collect$$$$0000000B)
    .ARM.Collect$$$$0000000D                 0x08000140   Section        0  entry10a.o(.ARM.Collect$$$$0000000D)
    .ARM.Collect$$$$0000000F                 0x08000140   Section        0  entry11a.o(.ARM.Collect$$$$0000000F)
    .ARM.Collect$$$$00002712                 0x08000140   Section        4  entry2.o(.ARM.Collect$$$$00002712)
    __lit__00000000                          0x08000140   Data           4  entry2.o(.ARM.Collect$$$$00002712)
    .text                                    0x08000144   Section       36  startup_stm32f103xe.o(.text)
    .text                                    0x08000168   Section        0  llushr.o(.text)
    .text                                    0x08000188   Section        0  memcpya.o(.text)
    .text                                    0x080001ac   Section        0  memseta.o(.text)
    .text                                    0x080001d0   Section        0  strstr.o(.text)
    .text                                    0x080001f4   Section        0  strlen.o(.text)
    .text                                    0x08000202   Section        0  uidiv.o(.text)
    .text                                    0x0800022e   Section        0  uldiv.o(.text)
    .text                                    0x08000290   Section        0  dadd.o(.text)
    .text                                    0x08000290   Section        0  iusefp.o(.text)
    .text                                    0x080003de   Section        0  dmul.o(.text)
    .text                                    0x080004c2   Section        0  ddiv.o(.text)
    .text                                    0x080005a0   Section        0  dfixul.o(.text)
    .text                                    0x080005d0   Section       48  cdrcmple.o(.text)
    .text                                    0x08000600   Section       36  init.o(.text)
    .text                                    0x08000624   Section        0  llshl.o(.text)
    .text                                    0x08000642   Section        0  llsshr.o(.text)
    .text                                    0x08000666   Section        0  depilogue.o(.text)
    i.BusFault_Handler                       0x08000720   Section        0  stm32f1xx_it.o(i.BusFault_Handler)
    i.DebugMon_Handler                       0x08000722   Section        0  stm32f1xx_it.o(i.DebugMon_Handler)
    i.Error_Handler                          0x08000724   Section        0  main.o(i.Error_Handler)
    i.HAL_DMA_Abort_IT                       0x08000728   Section        0  stm32f1xx_hal_dma.o(i.HAL_DMA_Abort_IT)
    i.HAL_Delay                              0x08000858   Section        0  stm32f1xx_hal.o(i.HAL_Delay)
    i.HAL_GPIO_Init                          0x0800087c   Section        0  stm32f1xx_hal_gpio.o(i.HAL_GPIO_Init)
    i.HAL_GetTick                            0x08000a74   Section        0  stm32f1xx_hal.o(i.HAL_GetTick)
    i.HAL_IncTick                            0x08000a80   Section        0  stm32f1xx_hal.o(i.HAL_IncTick)
    i.HAL_Init                               0x08000a90   Section        0  stm32f1xx_hal.o(i.HAL_Init)
    i.HAL_InitTick                           0x08000ab4   Section        0  stm32f1xx_hal.o(i.HAL_InitTick)
    i.HAL_MspInit                            0x08000af4   Section        0  stm32f1xx_hal_msp.o(i.HAL_MspInit)
    i.HAL_NVIC_EnableIRQ                     0x08000b30   Section        0  stm32f1xx_hal_cortex.o(i.HAL_NVIC_EnableIRQ)
    i.HAL_NVIC_SetPriority                   0x08000b4c   Section        0  stm32f1xx_hal_cortex.o(i.HAL_NVIC_SetPriority)
    i.HAL_NVIC_SetPriorityGrouping           0x08000b8c   Section        0  stm32f1xx_hal_cortex.o(i.HAL_NVIC_SetPriorityGrouping)
    i.HAL_RCC_ClockConfig                    0x08000bb0   Section        0  stm32f1xx_hal_rcc.o(i.HAL_RCC_ClockConfig)
    i.HAL_RCC_GetPCLK1Freq                   0x08000cdc   Section        0  stm32f1xx_hal_rcc.o(i.HAL_RCC_GetPCLK1Freq)
    i.HAL_RCC_GetPCLK2Freq                   0x08000cfc   Section        0  stm32f1xx_hal_rcc.o(i.HAL_RCC_GetPCLK2Freq)
    i.HAL_RCC_GetSysClockFreq                0x08000d1c   Section        0  stm32f1xx_hal_rcc.o(i.HAL_RCC_GetSysClockFreq)
    i.HAL_RCC_OscConfig                      0x08000d88   Section        0  stm32f1xx_hal_rcc.o(i.HAL_RCC_OscConfig)
    i.HAL_SYSTICK_Config                     0x080010a8   Section        0  stm32f1xx_hal_cortex.o(i.HAL_SYSTICK_Config)
    i.HAL_TIMEx_BreakCallback                0x080010d0   Section        0  stm32f1xx_hal_tim_ex.o(i.HAL_TIMEx_BreakCallback)
    i.HAL_TIMEx_CommutCallback               0x080010d2   Section        0  stm32f1xx_hal_tim_ex.o(i.HAL_TIMEx_CommutCallback)
    i.HAL_TIMEx_MasterConfigSynchronization  0x080010d4   Section        0  stm32f1xx_hal_tim_ex.o(i.HAL_TIMEx_MasterConfigSynchronization)
    i.HAL_TIM_Base_Init                      0x08001116   Section        0  stm32f1xx_hal_tim.o(i.HAL_TIM_Base_Init)
    i.HAL_TIM_Base_MspInit                   0x0800114c   Section        0  tim.o(i.HAL_TIM_Base_MspInit)
    i.HAL_TIM_Base_Start_IT                  0x08001184   Section        0  stm32f1xx_hal_tim.o(i.HAL_TIM_Base_Start_IT)
    i.HAL_TIM_ConfigClockSource              0x080011a6   Section        0  stm32f1xx_hal_tim.o(i.HAL_TIM_ConfigClockSource)
    i.HAL_TIM_IC_CaptureCallback             0x0800127c   Section        0  stm32f1xx_hal_tim.o(i.HAL_TIM_IC_CaptureCallback)
    i.HAL_TIM_IRQHandler                     0x0800127e   Section        0  stm32f1xx_hal_tim.o(i.HAL_TIM_IRQHandler)
    i.HAL_TIM_OC_DelayElapsedCallback        0x080013e4   Section        0  stm32f1xx_hal_tim.o(i.HAL_TIM_OC_DelayElapsedCallback)
    i.HAL_TIM_PWM_PulseFinishedCallback      0x080013e6   Section        0  stm32f1xx_hal_tim.o(i.HAL_TIM_PWM_PulseFinishedCallback)
    i.HAL_TIM_PeriodElapsedCallback          0x080013e8   Section        0  tim.o(i.HAL_TIM_PeriodElapsedCallback)
    i.HAL_TIM_TriggerCallback                0x08001438   Section        0  stm32f1xx_hal_tim.o(i.HAL_TIM_TriggerCallback)
    i.HAL_UART_ErrorCallback                 0x0800143a   Section        0  stm32f1xx_hal_uart.o(i.HAL_UART_ErrorCallback)
    i.HAL_UART_IRQHandler                    0x0800143c   Section        0  stm32f1xx_hal_uart.o(i.HAL_UART_IRQHandler)
    i.HAL_UART_Init                          0x0800154c   Section        0  stm32f1xx_hal_uart.o(i.HAL_UART_Init)
    i.HAL_UART_MspInit                       0x080015b0   Section        0  usart.o(i.HAL_UART_MspInit)
    i.HAL_UART_Receive_IT                    0x080016d8   Section        0  stm32f1xx_hal_uart.o(i.HAL_UART_Receive_IT)
    i.HAL_UART_RxCpltCallback                0x0800172c   Section        0  usart.o(i.HAL_UART_RxCpltCallback)
    i.HAL_UART_Transmit                      0x0800177c   Section        0  stm32f1xx_hal_uart.o(i.HAL_UART_Transmit)
    i.HAL_UART_TxCpltCallback                0x08001836   Section        0  stm32f1xx_hal_uart.o(i.HAL_UART_TxCpltCallback)
    i.HardFault_Handler                      0x08001838   Section        0  stm32f1xx_it.o(i.HardFault_Handler)
    i.IOT_baidu_connect                      0x0800183c   Section        0  iot_baidu.o(i.IOT_baidu_connect)
    i.IOT_baidu_ping                         0x08001a84   Section        0  iot_baidu.o(i.IOT_baidu_ping)
    i.MQTTDeserialize_connack                0x08001aec   Section        0  mqttconnectclient.o(i.MQTTDeserialize_connack)
    i.MQTTPacket_decode                      0x08001b48   Section        0  mqttpacket.o(i.MQTTPacket_decode)
    i.MQTTPacket_decodeBuf                   0x08001b80   Section        0  mqttpacket.o(i.MQTTPacket_decodeBuf)
    i.MQTTPacket_encode                      0x08001b94   Section        0  mqttpacket.o(i.MQTTPacket_encode)
    i.MQTTPacket_len                         0x08001bbc   Section        0  mqttpacket.o(i.MQTTPacket_len)
    i.MQTTPacket_read                        0x08001be4   Section        0  mqttpacket.o(i.MQTTPacket_read)
    i.MQTTSerialize_connect                  0x08001c34   Section        0  mqttconnectclient.o(i.MQTTSerialize_connect)
    i.MQTTSerialize_connectLength            0x08001d4c   Section        0  mqttconnectclient.o(i.MQTTSerialize_connectLength)
    i.MQTTSerialize_pingreq                  0x08001dc2   Section        0  mqttconnectclient.o(i.MQTTSerialize_pingreq)
    i.MQTTSerialize_zero                     0x08001dc8   Section        0  mqttconnectclient.o(i.MQTTSerialize_zero)
    i.MQTTstrlen                             0x08001dfa   Section        0  mqttpacket.o(i.MQTTstrlen)
    i.MX_GPIO_Init                           0x08001e08   Section        0  gpio.o(i.MX_GPIO_Init)
    i.MX_TIM2_Init                           0x08001e44   Section        0  tim.o(i.MX_TIM2_Init)
    i.MX_USART1_UART_Init                    0x08001eac   Section        0  usart.o(i.MX_USART1_UART_Init)
    i.MX_USART3_UART_Init                    0x08001ee4   Section        0  usart.o(i.MX_USART3_UART_Init)
    i.MemManage_Handler                      0x08001f1c   Section        0  stm32f1xx_it.o(i.MemManage_Handler)
    i.NMI_Handler                            0x08001f1e   Section        0  stm32f1xx_it.o(i.NMI_Handler)
    i.PendSV_Handler                         0x08001f20   Section        0  stm32f1xx_it.o(i.PendSV_Handler)
    i.SVC_Handler                            0x08001f22   Section        0  stm32f1xx_it.o(i.SVC_Handler)
    i.SysTick_Handler                        0x08001f24   Section        0  stm32f1xx_it.o(i.SysTick_Handler)
    i.SystemClock_Config                     0x08001f28   Section        0  main.o(i.SystemClock_Config)
    i.SystemInit                             0x08001f78   Section        0  system_stm32f1xx.o(i.SystemInit)
    i.TIM2_IRQHandler                        0x08001fc0   Section        0  stm32f1xx_it.o(i.TIM2_IRQHandler)
    i.TIM_Base_SetConfig                     0x08001fcc   Section        0  stm32f1xx_hal_tim.o(i.TIM_Base_SetConfig)
    i.TIM_ETR_SetConfig                      0x08002058   Section        0  stm32f1xx_hal_tim.o(i.TIM_ETR_SetConfig)
    i.TIM_ITRx_SetConfig                     0x0800206c   Section        0  stm32f1xx_hal_tim.o(i.TIM_ITRx_SetConfig)
    TIM_ITRx_SetConfig                       0x0800206d   Thumb Code    16  stm32f1xx_hal_tim.o(i.TIM_ITRx_SetConfig)
    i.TIM_TI1_ConfigInputStage               0x0800207c   Section        0  stm32f1xx_hal_tim.o(i.TIM_TI1_ConfigInputStage)
    TIM_TI1_ConfigInputStage                 0x0800207d   Thumb Code    34  stm32f1xx_hal_tim.o(i.TIM_TI1_ConfigInputStage)
    i.TIM_TI2_ConfigInputStage               0x0800209e   Section        0  stm32f1xx_hal_tim.o(i.TIM_TI2_ConfigInputStage)
    TIM_TI2_ConfigInputStage                 0x0800209f   Thumb Code    36  stm32f1xx_hal_tim.o(i.TIM_TI2_ConfigInputStage)
    i.UART_DMAAbortOnError                   0x080020c2   Section        0  stm32f1xx_hal_uart.o(i.UART_DMAAbortOnError)
    UART_DMAAbortOnError                     0x080020c3   Thumb Code    16  stm32f1xx_hal_uart.o(i.UART_DMAAbortOnError)
    i.UART_EndRxTransfer                     0x080020d2   Section        0  stm32f1xx_hal_uart.o(i.UART_EndRxTransfer)
    UART_EndRxTransfer                       0x080020d3   Thumb Code    28  stm32f1xx_hal_uart.o(i.UART_EndRxTransfer)
    i.UART_Receive_IT                        0x080020ee   Section        0  stm32f1xx_hal_uart.o(i.UART_Receive_IT)
    UART_Receive_IT                          0x080020ef   Thumb Code   150  stm32f1xx_hal_uart.o(i.UART_Receive_IT)
    i.UART_SetConfig                         0x08002184   Section        0  stm32f1xx_hal_uart.o(i.UART_SetConfig)
    UART_SetConfig                           0x08002185   Thumb Code   178  stm32f1xx_hal_uart.o(i.UART_SetConfig)
    i.UART_Transmit_IT                       0x0800223c   Section        0  stm32f1xx_hal_uart.o(i.UART_Transmit_IT)
    UART_Transmit_IT                         0x0800223d   Thumb Code    98  stm32f1xx_hal_uart.o(i.UART_Transmit_IT)
    i.UART_WaitOnFlagUntilTimeout            0x0800229e   Section        0  stm32f1xx_hal_uart.o(i.UART_WaitOnFlagUntilTimeout)
    UART_WaitOnFlagUntilTimeout              0x0800229f   Thumb Code   100  stm32f1xx_hal_uart.o(i.UART_WaitOnFlagUntilTimeout)
    i.USART1_IRQHandler                      0x08002304   Section        0  stm32f1xx_it.o(i.USART1_IRQHandler)
    i.USART3_IRQHandler                      0x08002310   Section        0  stm32f1xx_it.o(i.USART3_IRQHandler)
    i.UsageFault_Handler                     0x08002330   Section        0  stm32f1xx_it.o(i.UsageFault_Handler)
    i.__0sprintf                             0x08002334   Section        0  printfa.o(i.__0sprintf)
    i.__0vsprintf                            0x0800235c   Section        0  printfa.o(i.__0vsprintf)
    i.__NVIC_SetPriority                     0x08002380   Section        0  stm32f1xx_hal_cortex.o(i.__NVIC_SetPriority)
    __NVIC_SetPriority                       0x08002381   Thumb Code    32  stm32f1xx_hal_cortex.o(i.__NVIC_SetPriority)
    i.__scatterload_copy                     0x080023a0   Section       14  handlers.o(i.__scatterload_copy)
    i.__scatterload_null                     0x080023ae   Section        2  handlers.o(i.__scatterload_null)
    i.__scatterload_zeroinit                 0x080023b0   Section       14  handlers.o(i.__scatterload_zeroinit)
    i._fp_digits                             0x080023c0   Section        0  printfa.o(i._fp_digits)
    _fp_digits                               0x080023c1   Thumb Code   334  printfa.o(i._fp_digits)
    i._printf_core                           0x08002524   Section        0  printfa.o(i._printf_core)
    _printf_core                             0x08002525   Thumb Code  1744  printfa.o(i._printf_core)
    i._printf_post_padding                   0x08002c00   Section        0  printfa.o(i._printf_post_padding)
    _printf_post_padding                     0x08002c01   Thumb Code    36  printfa.o(i._printf_post_padding)
    i._printf_pre_padding                    0x08002c24   Section        0  printfa.o(i._printf_pre_padding)
    _printf_pre_padding                      0x08002c25   Thumb Code    46  printfa.o(i._printf_pre_padding)
    i._sputc                                 0x08002c52   Section        0  printfa.o(i._sputc)
    _sputc                                   0x08002c53   Thumb Code    10  printfa.o(i._sputc)
    i.bufchar                                0x08002c5c   Section        0  mqttpacket.o(i.bufchar)
    i.esp8266_Connect_AP                     0x08002c80   Section        0  esp8266.o(i.esp8266_Connect_AP)
    i.esp8266_Connect_IOTServer              0x08002d2c   Section        0  esp8266.o(i.esp8266_Connect_IOTServer)
    i.esp8266_Connect_Server                 0x080032a0   Section        0  esp8266.o(i.esp8266_Connect_Server)
    i.esp8266_check_cmd                      0x08003370   Section        0  esp8266.o(i.esp8266_check_cmd)
    i.esp8266_quit_trans                     0x080033ac   Section        0  esp8266.o(i.esp8266_quit_trans)
    i.esp8266_send_cmd                       0x080033fc   Section        0  esp8266.o(i.esp8266_send_cmd)
    i.free                                   0x08003474   Section        0  malloc.o(i.free)
    i.main                                   0x080034c4   Section        0  main.o(i.main)
    i.malloc                                 0x08003540   Section        0  malloc.o(i.malloc)
    i.readChar                               0x080035ac   Section        0  mqttpacket.o(i.readChar)
    i.transport_getdata                      0x080035b8   Section        0  transport.o(i.transport_getdata)
    i.transport_sendPacketBuffer             0x080035e0   Section        0  transport.o(i.transport_sendPacketBuffer)
    i.u1_printf                              0x08003614   Section        0  usart.o(i.u1_printf)
    i.u3_printf                              0x08003654   Section        0  usart.o(i.u3_printf)
    i.utils_hb2hex                           0x08003694   Section        0  utils_md5.o(i.utils_hb2hex)
    i.utils_hmac_sha1                        0x080036a6   Section        0  utils_hmac.o(i.utils_hmac_sha1)
    i.utils_sha1_finish                      0x0800377c   Section        0  utils_sha1.o(i.utils_sha1_finish)
    i.utils_sha1_init                        0x08003854   Section        0  utils_sha1.o(i.utils_sha1_init)
    i.utils_sha1_process                     0x0800385c   Section        0  utils_sha1.o(i.utils_sha1_process)
    i.utils_sha1_starts                      0x08004a9c   Section        0  utils_sha1.o(i.utils_sha1_starts)
    i.utils_sha1_update                      0x08004ac8   Section        0  utils_sha1.o(i.utils_sha1_update)
    i.writeCString                           0x08004b38   Section        0  mqttpacket.o(i.writeCString)
    i.writeChar                              0x08004b60   Section        0  mqttpacket.o(i.writeChar)
    i.writeInt                               0x08004b6c   Section        0  mqttpacket.o(i.writeInt)
    i.writeMQTTString                        0x08004b8a   Section        0  mqttpacket.o(i.writeMQTTString)
    .constdata                               0x08004bc0   Section       16  system_stm32f1xx.o(.constdata)
    .constdata                               0x08004bd0   Section        8  system_stm32f1xx.o(.constdata)
    .constdata                               0x08004bd8   Section       88  iot_baidu.o(.constdata)
    .constdata                               0x08004c30   Section       64  utils_sha1.o(.constdata)
    iot_sha1_padding                         0x08004c30   Data          64  utils_sha1.o(.constdata)
    .data                                    0x20000000   Section        4  usart.o(.data)
    .data                                    0x20000004   Section       12  stm32f1xx_hal.o(.data)
    .data                                    0x20000010   Section        4  system_stm32f1xx.o(.data)
    .data                                    0x20000014   Section        4  mqttpacket.o(.data)
    bufptr                                   0x20000014   Data           4  mqttpacket.o(.data)
    .data                                    0x20000018   Section        4  iot_baidu.o(.data)
    .data                                    0x2000001c   Section        4  mvars.o(.data)
    .data                                    0x20000020   Section        4  mvars.o(.data)
    .bss                                     0x20000024   Section       64  tim.o(.bss)
    .bss                                     0x20000064   Section     2528  usart.o(.bss)
    .bss                                     0x20000a44   Section      584  iot_baidu.o(.bss)
    HEAP                                     0x20000c90   Section     2048  startup_stm32f103xe.o(HEAP)
    STACK                                    0x20001490   Section     2048  startup_stm32f103xe.o(STACK)

    Global Symbols

    Symbol Name                              Value     Ov Type        Size  Object(Section)

    BuildAttributes$$THM_ISAv4$P$D$K$B$S$PE$A:L22UL41UL21$X:L11$S22US41US21$IEEE1$IW$USESV6$~STKCKD$USESV7$~SHL$OSPACE$ROPI$EBA8$MICROLIB$REQ8$PRES8$EABIv2 0x00000000   Number         0  anon$$obj.o ABSOLUTE
    __ARM_use_no_argv                        0x00000000   Number         0  main.o ABSOLUTE
    _printf_a                                0x00000000   Number         0  stubs.o ABSOLUTE
    _printf_c                                0x00000000   Number         0  stubs.o ABSOLUTE
    _printf_charcount                        0x00000000   Number         0  stubs.o ABSOLUTE
    _printf_d                                0x00000000   Number         0  stubs.o ABSOLUTE
    _printf_e                                0x00000000   Number         0  stubs.o ABSOLUTE
    _printf_f                                0x00000000   Number         0  stubs.o ABSOLUTE
    _printf_flags                            0x00000000   Number         0  stubs.o ABSOLUTE
    _printf_fp_dec                           0x00000000   Number         0  stubs.o ABSOLUTE
    _printf_fp_hex                           0x00000000   Number         0  stubs.o ABSOLUTE
    _printf_g                                0x00000000   Number         0  stubs.o ABSOLUTE
    _printf_i                                0x00000000   Number         0  stubs.o ABSOLUTE
    _printf_int_dec                          0x00000000   Number         0  stubs.o ABSOLUTE
    _printf_l                                0x00000000   Number         0  stubs.o ABSOLUTE
    _printf_lc                               0x00000000   Number         0  stubs.o ABSOLUTE
    _printf_ll                               0x00000000   Number         0  stubs.o ABSOLUTE
    _printf_lld                              0x00000000   Number         0  stubs.o ABSOLUTE
    _printf_lli                              0x00000000   Number         0  stubs.o ABSOLUTE
    _printf_llo                              0x00000000   Number         0  stubs.o ABSOLUTE
    _printf_llu                              0x00000000   Number         0  stubs.o ABSOLUTE
    _printf_llx                              0x00000000   Number         0  stubs.o ABSOLUTE
    _printf_longlong_dec                     0x00000000   Number         0  stubs.o ABSOLUTE
    _printf_longlong_hex                     0x00000000   Number         0  stubs.o ABSOLUTE
    _printf_longlong_oct                     0x00000000   Number         0  stubs.o ABSOLUTE
    _printf_ls                               0x00000000   Number         0  stubs.o ABSOLUTE
    _printf_mbtowc                           0x00000000   Number         0  stubs.o ABSOLUTE
    _printf_n                                0x00000000   Number         0  stubs.o ABSOLUTE
    _printf_o                                0x00000000   Number         0  stubs.o ABSOLUTE
    _printf_p                                0x00000000   Number         0  stubs.o ABSOLUTE
    _printf_percent                          0x00000000   Number         0  stubs.o ABSOLUTE
    _printf_pre_padding                      0x00000000   Number         0  stubs.o ABSOLUTE
    _printf_return_value                     0x00000000   Number         0  stubs.o ABSOLUTE
    _printf_s                                0x00000000   Number         0  stubs.o ABSOLUTE
    _printf_sizespec                         0x00000000   Number         0  stubs.o ABSOLUTE
    _printf_str                              0x00000000   Number         0  stubs.o ABSOLUTE
    _printf_truncate_signed                  0x00000000   Number         0  stubs.o ABSOLUTE
    _printf_truncate_unsigned                0x00000000   Number         0  stubs.o ABSOLUTE
    _printf_u                                0x00000000   Number         0  stubs.o ABSOLUTE
    _printf_wc                               0x00000000   Number         0  stubs.o ABSOLUTE
    _printf_wctomb                           0x00000000   Number         0  stubs.o ABSOLUTE
    _printf_widthprec                        0x00000000   Number         0  stubs.o ABSOLUTE
    _printf_x                                0x00000000   Number         0  stubs.o ABSOLUTE
    __cpp_initialize__aeabi_                  - Undefined Weak Reference
    __cxa_finalize                            - Undefined Weak Reference
    __decompress                              - Undefined Weak Reference
    _clock_init                               - Undefined Weak Reference
    _microlib_exit                            - Undefined Weak Reference
    __Vectors_Size                           0x00000130   Number         0  startup_stm32f103xe.o ABSOLUTE
    __Vectors                                0x08000000   Data           4  startup_stm32f103xe.o(RESET)
    __Vectors_End                            0x08000130   Data           0  startup_stm32f103xe.o(RESET)
    __main                                   0x08000131   Thumb Code     0  entry.o(.ARM.Collect$$$$00000000)
    _main_stk                                0x08000131   Thumb Code     0  entry2.o(.ARM.Collect$$$$00000001)
    _main_scatterload                        0x08000135   Thumb Code     0  entry5.o(.ARM.Collect$$$$00000004)
    __main_after_scatterload                 0x08000139   Thumb Code     0  entry5.o(.ARM.Collect$$$$00000004)
    _main_clock                              0x08000139   Thumb Code     0  entry7b.o(.ARM.Collect$$$$00000008)
    _main_cpp_init                           0x08000139   Thumb Code     0  entry8b.o(.ARM.Collect$$$$0000000A)
    _main_init                               0x08000139   Thumb Code     0  entry9a.o(.ARM.Collect$$$$0000000B)
    __rt_final_cpp                           0x08000141   Thumb Code     0  entry10a.o(.ARM.Collect$$$$0000000D)
    __rt_final_exit                          0x08000141   Thumb Code     0  entry11a.o(.ARM.Collect$$$$0000000F)
    Reset_Handler                            0x08000145   Thumb Code     8  startup_stm32f103xe.o(.text)
    ADC1_2_IRQHandler                        0x0800015f   Thumb Code     0  startup_stm32f103xe.o(.text)
    ADC3_IRQHandler                          0x0800015f   Thumb Code     0  startup_stm32f103xe.o(.text)
    CAN1_RX1_IRQHandler                      0x0800015f   Thumb Code     0  startup_stm32f103xe.o(.text)
    CAN1_SCE_IRQHandler                      0x0800015f   Thumb Code     0  startup_stm32f103xe.o(.text)
    DMA1_Channel1_IRQHandler                 0x0800015f   Thumb Code     0  startup_stm32f103xe.o(.text)
    DMA1_Channel2_IRQHandler                 0x0800015f   Thumb Code     0  startup_stm32f103xe.o(.text)
    DMA1_Channel3_IRQHandler                 0x0800015f   Thumb Code     0  startup_stm32f103xe.o(.text)
    DMA1_Channel4_IRQHandler                 0x0800015f   Thumb Code     0  startup_stm32f103xe.o(.text)
    DMA1_Channel5_IRQHandler                 0x0800015f   Thumb Code     0  startup_stm32f103xe.o(.text)
    DMA1_Channel6_IRQHandler                 0x0800015f   Thumb Code     0  startup_stm32f103xe.o(.text)
    DMA1_Channel7_IRQHandler                 0x0800015f   Thumb Code     0  startup_stm32f103xe.o(.text)
    DMA2_Channel1_IRQHandler                 0x0800015f   Thumb Code     0  startup_stm32f103xe.o(.text)
    DMA2_Channel2_IRQHandler                 0x0800015f   Thumb Code     0  startup_stm32f103xe.o(.text)
    DMA2_Channel3_IRQHandler                 0x0800015f   Thumb Code     0  startup_stm32f103xe.o(.text)
    DMA2_Channel4_5_IRQHandler               0x0800015f   Thumb Code     0  startup_stm32f103xe.o(.text)
    EXTI0_IRQHandler                         0x0800015f   Thumb Code     0  startup_stm32f103xe.o(.text)
    EXTI15_10_IRQHandler                     0x0800015f   Thumb Code     0  startup_stm32f103xe.o(.text)
    EXTI1_IRQHandler                         0x0800015f   Thumb Code     0  startup_stm32f103xe.o(.text)
    EXTI2_IRQHandler                         0x0800015f   Thumb Code     0  startup_stm32f103xe.o(.text)
    EXTI3_IRQHandler                         0x0800015f   Thumb Code     0  startup_stm32f103xe.o(.text)
    EXTI4_IRQHandler                         0x0800015f   Thumb Code     0  startup_stm32f103xe.o(.text)
    EXTI9_5_IRQHandler                       0x0800015f   Thumb Code     0  startup_stm32f103xe.o(.text)
    FLASH_IRQHandler                         0x0800015f   Thumb Code     0  startup_stm32f103xe.o(.text)
    FSMC_IRQHandler                          0x0800015f   Thumb Code     0  startup_stm32f103xe.o(.text)
    I2C1_ER_IRQHandler                       0x0800015f   Thumb Code     0  startup_stm32f103xe.o(.text)
    I2C1_EV_IRQHandler                       0x0800015f   Thumb Code     0  startup_stm32f103xe.o(.text)
    I2C2_ER_IRQHandler                       0x0800015f   Thumb Code     0  startup_stm32f103xe.o(.text)
    I2C2_EV_IRQHandler                       0x0800015f   Thumb Code     0  startup_stm32f103xe.o(.text)
    PVD_IRQHandler                           0x0800015f   Thumb Code     0  startup_stm32f103xe.o(.text)
    RCC_IRQHandler                           0x0800015f   Thumb Code     0  startup_stm32f103xe.o(.text)
    RTC_Alarm_IRQHandler                     0x0800015f   Thumb Code     0  startup_stm32f103xe.o(.text)
    RTC_IRQHandler                           0x0800015f   Thumb Code     0  startup_stm32f103xe.o(.text)
    SDIO_IRQHandler                          0x0800015f   Thumb Code     0  startup_stm32f103xe.o(.text)
    SPI1_IRQHandler                          0x0800015f   Thumb Code     0  startup_stm32f103xe.o(.text)
    SPI2_IRQHandler                          0x0800015f   Thumb Code     0  startup_stm32f103xe.o(.text)
    SPI3_IRQHandler                          0x0800015f   Thumb Code     0  startup_stm32f103xe.o(.text)
    TAMPER_IRQHandler                        0x0800015f   Thumb Code     0  startup_stm32f103xe.o(.text)
    TIM1_BRK_IRQHandler                      0x0800015f   Thumb Code     0  startup_stm32f103xe.o(.text)
    TIM1_CC_IRQHandler                       0x0800015f   Thumb Code     0  startup_stm32f103xe.o(.text)
    TIM1_TRG_COM_IRQHandler                  0x0800015f   Thumb Code     0  startup_stm32f103xe.o(.text)
    TIM1_UP_IRQHandler                       0x0800015f   Thumb Code     0  startup_stm32f103xe.o(.text)
    TIM3_IRQHandler                          0x0800015f   Thumb Code     0  startup_stm32f103xe.o(.text)
    TIM4_IRQHandler                          0x0800015f   Thumb Code     0  startup_stm32f103xe.o(.text)
    TIM5_IRQHandler                          0x0800015f   Thumb Code     0  startup_stm32f103xe.o(.text)
    TIM6_IRQHandler                          0x0800015f   Thumb Code     0  startup_stm32f103xe.o(.text)
    TIM7_IRQHandler                          0x0800015f   Thumb Code     0  startup_stm32f103xe.o(.text)
    TIM8_BRK_IRQHandler                      0x0800015f   Thumb Code     0  startup_stm32f103xe.o(.text)
    TIM8_CC_IRQHandler                       0x0800015f   Thumb Code     0  startup_stm32f103xe.o(.text)
    TIM8_TRG_COM_IRQHandler                  0x0800015f   Thumb Code     0  startup_stm32f103xe.o(.text)
    TIM8_UP_IRQHandler                       0x0800015f   Thumb Code     0  startup_stm32f103xe.o(.text)
    UART4_IRQHandler                         0x0800015f   Thumb Code     0  startup_stm32f103xe.o(.text)
    UART5_IRQHandler                         0x0800015f   Thumb Code     0  startup_stm32f103xe.o(.text)
    USART2_IRQHandler                        0x0800015f   Thumb Code     0  startup_stm32f103xe.o(.text)
    USBWakeUp_IRQHandler                     0x0800015f   Thumb Code     0  startup_stm32f103xe.o(.text)
    USB_HP_CAN1_TX_IRQHandler                0x0800015f   Thumb Code     0  startup_stm32f103xe.o(.text)
    USB_LP_CAN1_RX0_IRQHandler               0x0800015f   Thumb Code     0  startup_stm32f103xe.o(.text)
    WWDG_IRQHandler                          0x0800015f   Thumb Code     0  startup_stm32f103xe.o(.text)
    __aeabi_llsr                             0x08000169   Thumb Code    32  llushr.o(.text)
    _ll_ushift_r                             0x08000169   Thumb Code     0  llushr.o(.text)
    __aeabi_memcpy                           0x08000189   Thumb Code    36  memcpya.o(.text)
    __aeabi_memcpy4                          0x08000189   Thumb Code     0  memcpya.o(.text)
    __aeabi_memcpy8                          0x08000189   Thumb Code     0  memcpya.o(.text)
    __aeabi_memset                           0x080001ad   Thumb Code    14  memseta.o(.text)
    __aeabi_memset4                          0x080001ad   Thumb Code     0  memseta.o(.text)
    __aeabi_memset8                          0x080001ad   Thumb Code     0  memseta.o(.text)
    __aeabi_memclr                           0x080001bb   Thumb Code     4  memseta.o(.text)
    __aeabi_memclr4                          0x080001bb   Thumb Code     0  memseta.o(.text)
    __aeabi_memclr8                          0x080001bb   Thumb Code     0  memseta.o(.text)
    _memset$wrapper                          0x080001bf   Thumb Code    18  memseta.o(.text)
    strstr                                   0x080001d1   Thumb Code    36  strstr.o(.text)
    strlen                                   0x080001f5   Thumb Code    14  strlen.o(.text)
    __aeabi_uidiv                            0x08000203   Thumb Code     0  uidiv.o(.text)
    __aeabi_uidivmod                         0x08000203   Thumb Code    44  uidiv.o(.text)
    __aeabi_uldivmod                         0x0800022f   Thumb Code    98  uldiv.o(.text)
    __I$use$fp                               0x08000291   Thumb Code     0  iusefp.o(.text)
    __aeabi_dadd                             0x08000291   Thumb Code   322  dadd.o(.text)
    __aeabi_dsub                             0x080003d3   Thumb Code     6  dadd.o(.text)
    __aeabi_drsub                            0x080003d9   Thumb Code     6  dadd.o(.text)
    __aeabi_dmul                             0x080003df   Thumb Code   228  dmul.o(.text)
    __aeabi_ddiv                             0x080004c3   Thumb Code   222  ddiv.o(.text)
    __aeabi_d2ulz                            0x080005a1   Thumb Code    48  dfixul.o(.text)
    __aeabi_cdrcmple                         0x080005d1   Thumb Code    48  cdrcmple.o(.text)
    __scatterload                            0x08000601   Thumb Code    28  init.o(.text)
    __scatterload_rt2                        0x08000601   Thumb Code     0  init.o(.text)
    __aeabi_llsl                             0x08000625   Thumb Code    30  llshl.o(.text)
    _ll_shift_l                              0x08000625   Thumb Code     0  llshl.o(.text)
    __aeabi_lasr                             0x08000643   Thumb Code    36  llsshr.o(.text)
    _ll_sshift_r                             0x08000643   Thumb Code     0  llsshr.o(.text)
    _double_round                            0x08000667   Thumb Code    30  depilogue.o(.text)
    _double_epilogue                         0x08000685   Thumb Code   156  depilogue.o(.text)
    BusFault_Handler                         0x08000721   Thumb Code     2  stm32f1xx_it.o(i.BusFault_Handler)
    DebugMon_Handler                         0x08000723   Thumb Code     2  stm32f1xx_it.o(i.DebugMon_Handler)
    Error_Handler                            0x08000725   Thumb Code     2  main.o(i.Error_Handler)
    HAL_DMA_Abort_IT                         0x08000729   Thumb Code   296  stm32f1xx_hal_dma.o(i.HAL_DMA_Abort_IT)
    HAL_Delay                                0x08000859   Thumb Code    32  stm32f1xx_hal.o(i.HAL_Delay)
    HAL_GPIO_Init                            0x0800087d   Thumb Code   462  stm32f1xx_hal_gpio.o(i.HAL_GPIO_Init)
    HAL_GetTick                              0x08000a75   Thumb Code     6  stm32f1xx_hal.o(i.HAL_GetTick)
    HAL_IncTick                              0x08000a81   Thumb Code    12  stm32f1xx_hal.o(i.HAL_IncTick)
    HAL_Init                                 0x08000a91   Thumb Code    32  stm32f1xx_hal.o(i.HAL_Init)
    HAL_InitTick                             0x08000ab5   Thumb Code    54  stm32f1xx_hal.o(i.HAL_InitTick)
    HAL_MspInit                              0x08000af5   Thumb Code    52  stm32f1xx_hal_msp.o(i.HAL_MspInit)
    HAL_NVIC_EnableIRQ                       0x08000b31   Thumb Code    26  stm32f1xx_hal_cortex.o(i.HAL_NVIC_EnableIRQ)
    HAL_NVIC_SetPriority                     0x08000b4d   Thumb Code    60  stm32f1xx_hal_cortex.o(i.HAL_NVIC_SetPriority)
    HAL_NVIC_SetPriorityGrouping             0x08000b8d   Thumb Code    26  stm32f1xx_hal_cortex.o(i.HAL_NVIC_SetPriorityGrouping)
    HAL_RCC_ClockConfig                      0x08000bb1   Thumb Code   280  stm32f1xx_hal_rcc.o(i.HAL_RCC_ClockConfig)
    HAL_RCC_GetPCLK1Freq                     0x08000cdd   Thumb Code    20  stm32f1xx_hal_rcc.o(i.HAL_RCC_GetPCLK1Freq)
    HAL_RCC_GetPCLK2Freq                     0x08000cfd   Thumb Code    20  stm32f1xx_hal_rcc.o(i.HAL_RCC_GetPCLK2Freq)
    HAL_RCC_GetSysClockFreq                  0x08000d1d   Thumb Code    74  stm32f1xx_hal_rcc.o(i.HAL_RCC_GetSysClockFreq)
    HAL_RCC_OscConfig                        0x08000d89   Thumb Code   778  stm32f1xx_hal_rcc.o(i.HAL_RCC_OscConfig)
    HAL_SYSTICK_Config                       0x080010a9   Thumb Code    40  stm32f1xx_hal_cortex.o(i.HAL_SYSTICK_Config)
    HAL_TIMEx_BreakCallback                  0x080010d1   Thumb Code     2  stm32f1xx_hal_tim_ex.o(i.HAL_TIMEx_BreakCallback)
    HAL_TIMEx_CommutCallback                 0x080010d3   Thumb Code     2  stm32f1xx_hal_tim_ex.o(i.HAL_TIMEx_CommutCallback)
    HAL_TIMEx_MasterConfigSynchronization    0x080010d5   Thumb Code    66  stm32f1xx_hal_tim_ex.o(i.HAL_TIMEx_MasterConfigSynchronization)
    HAL_TIM_Base_Init                        0x08001117   Thumb Code    54  stm32f1xx_hal_tim.o(i.HAL_TIM_Base_Init)
    HAL_TIM_Base_MspInit                     0x0800114d   Thumb Code    50  tim.o(i.HAL_TIM_Base_MspInit)
    HAL_TIM_Base_Start_IT                    0x08001185   Thumb Code    34  stm32f1xx_hal_tim.o(i.HAL_TIM_Base_Start_IT)
    HAL_TIM_ConfigClockSource                0x080011a7   Thumb Code   214  stm32f1xx_hal_tim.o(i.HAL_TIM_ConfigClockSource)
    HAL_TIM_IC_CaptureCallback               0x0800127d   Thumb Code     2  stm32f1xx_hal_tim.o(i.HAL_TIM_IC_CaptureCallback)
    HAL_TIM_IRQHandler                       0x0800127f   Thumb Code   358  stm32f1xx_hal_tim.o(i.HAL_TIM_IRQHandler)
    HAL_TIM_OC_DelayElapsedCallback          0x080013e5   Thumb Code     2  stm32f1xx_hal_tim.o(i.HAL_TIM_OC_DelayElapsedCallback)
    HAL_TIM_PWM_PulseFinishedCallback        0x080013e7   Thumb Code     2  stm32f1xx_hal_tim.o(i.HAL_TIM_PWM_PulseFinishedCallback)
    HAL_TIM_PeriodElapsedCallback            0x080013e9   Thumb Code    68  tim.o(i.HAL_TIM_PeriodElapsedCallback)
    HAL_TIM_TriggerCallback                  0x08001439   Thumb Code     2  stm32f1xx_hal_tim.o(i.HAL_TIM_TriggerCallback)
    HAL_UART_ErrorCallback                   0x0800143b   Thumb Code     2  stm32f1xx_hal_uart.o(i.HAL_UART_ErrorCallback)
    HAL_UART_IRQHandler                      0x0800143d   Thumb Code   266  stm32f1xx_hal_uart.o(i.HAL_UART_IRQHandler)
    HAL_UART_Init                            0x0800154d   Thumb Code    98  stm32f1xx_hal_uart.o(i.HAL_UART_Init)
    HAL_UART_MspInit                         0x080015b1   Thumb Code   268  usart.o(i.HAL_UART_MspInit)
    HAL_UART_Receive_IT                      0x080016d9   Thumb Code    82  stm32f1xx_hal_uart.o(i.HAL_UART_Receive_IT)
    HAL_UART_RxCpltCallback                  0x0800172d   Thumb Code    62  usart.o(i.HAL_UART_RxCpltCallback)
    HAL_UART_Transmit                        0x0800177d   Thumb Code   186  stm32f1xx_hal_uart.o(i.HAL_UART_Transmit)
    HAL_UART_TxCpltCallback                  0x08001837   Thumb Code     2  stm32f1xx_hal_uart.o(i.HAL_UART_TxCpltCallback)
    HardFault_Handler                        0x08001839   Thumb Code     2  stm32f1xx_it.o(i.HardFault_Handler)
    IOT_baidu_connect                        0x0800183d   Thumb Code   302  iot_baidu.o(i.IOT_baidu_connect)
    IOT_baidu_ping                           0x08001a85   Thumb Code    62  iot_baidu.o(i.IOT_baidu_ping)
    MQTTDeserialize_connack                  0x08001aed   Thumb Code    92  mqttconnectclient.o(i.MQTTDeserialize_connack)
    MQTTPacket_decode                        0x08001b49   Thumb Code    54  mqttpacket.o(i.MQTTPacket_decode)
    MQTTPacket_decodeBuf                     0x08001b81   Thumb Code    10  mqttpacket.o(i.MQTTPacket_decodeBuf)
    MQTTPacket_encode                        0x08001b95   Thumb Code    40  mqttpacket.o(i.MQTTPacket_encode)
    MQTTPacket_len                           0x08001bbd   Thumb Code    34  mqttpacket.o(i.MQTTPacket_len)
    MQTTPacket_read                          0x08001be5   Thumb Code    78  mqttpacket.o(i.MQTTPacket_read)
    MQTTSerialize_connect                    0x08001c35   Thumb Code   262  mqttconnectclient.o(i.MQTTSerialize_connect)
    MQTTSerialize_connectLength              0x08001d4d   Thumb Code   118  mqttconnectclient.o(i.MQTTSerialize_connectLength)
    MQTTSerialize_pingreq                    0x08001dc3   Thumb Code     6  mqttconnectclient.o(i.MQTTSerialize_pingreq)
    MQTTSerialize_zero                       0x08001dc9   Thumb Code    50  mqttconnectclient.o(i.MQTTSerialize_zero)
    MQTTstrlen                               0x08001dfb   Thumb Code    14  mqttpacket.o(i.MQTTstrlen)
    MX_GPIO_Init                             0x08001e09   Thumb Code    54  gpio.o(i.MX_GPIO_Init)
    MX_TIM2_Init                             0x08001e45   Thumb Code    98  tim.o(i.MX_TIM2_Init)
    MX_USART1_UART_Init                      0x08001ead   Thumb Code    48  usart.o(i.MX_USART1_UART_Init)
    MX_USART3_UART_Init                      0x08001ee5   Thumb Code    48  usart.o(i.MX_USART3_UART_Init)
    MemManage_Handler                        0x08001f1d   Thumb Code     2  stm32f1xx_it.o(i.MemManage_Handler)
    NMI_Handler                              0x08001f1f   Thumb Code     2  stm32f1xx_it.o(i.NMI_Handler)
    PendSV_Handler                           0x08001f21   Thumb Code     2  stm32f1xx_it.o(i.PendSV_Handler)
    SVC_Handler                              0x08001f23   Thumb Code     2  stm32f1xx_it.o(i.SVC_Handler)
    SysTick_Handler                          0x08001f25   Thumb Code     4  stm32f1xx_it.o(i.SysTick_Handler)
    SystemClock_Config                       0x08001f29   Thumb Code    78  main.o(i.SystemClock_Config)
    SystemInit                               0x08001f79   Thumb Code    56  system_stm32f1xx.o(i.SystemInit)
    TIM2_IRQHandler                          0x08001fc1   Thumb Code     6  stm32f1xx_it.o(i.TIM2_IRQHandler)
    TIM_Base_SetConfig                       0x08001fcd   Thumb Code   120  stm32f1xx_hal_tim.o(i.TIM_Base_SetConfig)
    TIM_ETR_SetConfig                        0x08002059   Thumb Code    20  stm32f1xx_hal_tim.o(i.TIM_ETR_SetConfig)
    USART1_IRQHandler                        0x08002305   Thumb Code     6  stm32f1xx_it.o(i.USART1_IRQHandler)
    USART3_IRQHandler                        0x08002311   Thumb Code    22  stm32f1xx_it.o(i.USART3_IRQHandler)
    UsageFault_Handler                       0x08002331   Thumb Code     2  stm32f1xx_it.o(i.UsageFault_Handler)
    __0sprintf                               0x08002335   Thumb Code    34  printfa.o(i.__0sprintf)
    __1sprintf                               0x08002335   Thumb Code     0  printfa.o(i.__0sprintf)
    __2sprintf                               0x08002335   Thumb Code     0  printfa.o(i.__0sprintf)
    __c89sprintf                             0x08002335   Thumb Code     0  printfa.o(i.__0sprintf)
    sprintf                                  0x08002335   Thumb Code     0  printfa.o(i.__0sprintf)
    __0vsprintf                              0x0800235d   Thumb Code    30  printfa.o(i.__0vsprintf)
    __1vsprintf                              0x0800235d   Thumb Code     0  printfa.o(i.__0vsprintf)
    __2vsprintf                              0x0800235d   Thumb Code     0  printfa.o(i.__0vsprintf)
    __c89vsprintf                            0x0800235d   Thumb Code     0  printfa.o(i.__0vsprintf)
    vsprintf                                 0x0800235d   Thumb Code     0  printfa.o(i.__0vsprintf)
    __scatterload_copy                       0x080023a1   Thumb Code    14  handlers.o(i.__scatterload_copy)
    __scatterload_null                       0x080023af   Thumb Code     2  handlers.o(i.__scatterload_null)
    __scatterload_zeroinit                   0x080023b1   Thumb Code    14  handlers.o(i.__scatterload_zeroinit)
    bufchar                                  0x08002c5d   Thumb Code    30  mqttpacket.o(i.bufchar)
    esp8266_Connect_AP                       0x08002c81   Thumb Code    78  esp8266.o(i.esp8266_Connect_AP)
    esp8266_Connect_IOTServer                0x08002d2d   Thumb Code   478  esp8266.o(i.esp8266_Connect_IOTServer)
    esp8266_Connect_Server                   0x080032a1   Thumb Code    78  esp8266.o(i.esp8266_Connect_Server)
    esp8266_check_cmd                        0x08003371   Thumb Code    44  esp8266.o(i.esp8266_check_cmd)
    esp8266_quit_trans                       0x080033ad   Thumb Code    68  esp8266.o(i.esp8266_quit_trans)
    esp8266_send_cmd                         0x080033fd   Thumb Code    90  esp8266.o(i.esp8266_send_cmd)
    free                                     0x08003475   Thumb Code    76  malloc.o(i.free)
    main                                     0x080034c5   Thumb Code   100  main.o(i.main)
    malloc                                   0x08003541   Thumb Code    92  malloc.o(i.malloc)
    readChar                                 0x080035ad   Thumb Code    12  mqttpacket.o(i.readChar)
    transport_getdata                        0x080035b9   Thumb Code    32  transport.o(i.transport_getdata)
    transport_sendPacketBuffer               0x080035e1   Thumb Code    40  transport.o(i.transport_sendPacketBuffer)
    u1_printf                                0x08003615   Thumb Code    56  usart.o(i.u1_printf)
    u3_printf                                0x08003655   Thumb Code    56  usart.o(i.u3_printf)
    utils_hb2hex                             0x08003695   Thumb Code    18  utils_md5.o(i.utils_hb2hex)
    utils_hmac_sha1                          0x080036a7   Thumb Code   214  utils_hmac.o(i.utils_hmac_sha1)
    utils_sha1_finish                        0x0800377d   Thumb Code   212  utils_sha1.o(i.utils_sha1_finish)
    utils_sha1_init                          0x08003855   Thumb Code     6  utils_sha1.o(i.utils_sha1_init)
    utils_sha1_process                       0x0800385d   Thumb Code  4670  utils_sha1.o(i.utils_sha1_process)
    utils_sha1_starts                        0x08004a9d   Thumb Code    32  utils_sha1.o(i.utils_sha1_starts)
    utils_sha1_update                        0x08004ac9   Thumb Code   112  utils_sha1.o(i.utils_sha1_update)
    writeCString                             0x08004b39   Thumb Code    40  mqttpacket.o(i.writeCString)
    writeChar                                0x08004b61   Thumb Code    12  mqttpacket.o(i.writeChar)
    writeInt                                 0x08004b6d   Thumb Code    30  mqttpacket.o(i.writeInt)
    writeMQTTString                          0x08004b8b   Thumb Code    54  mqttpacket.o(i.writeMQTTString)
    AHBPrescTable                            0x08004bc0   Data          16  system_stm32f1xx.o(.constdata)
    APBPrescTable                            0x08004bd0   Data           8  system_stm32f1xx.o(.constdata)
    Region$$Table$$Base                      0x08004c70   Number         0  anon$$obj.o(Region$$Table)
    Region$$Table$$Limit                     0x08004c90   Number         0  anon$$obj.o(Region$$Table)
    temp_rx                                  0x20000000   Data           1  usart.o(.data)
    USART3_RX_STA                            0x20000002   Data           2  usart.o(.data)
    uwTickFreq                               0x20000004   Data           1  stm32f1xx_hal.o(.data)
    uwTickPrio                               0x20000008   Data           4  stm32f1xx_hal.o(.data)
    uwTick                                   0x2000000c   Data           4  stm32f1xx_hal.o(.data)
    SystemCoreClock                          0x20000010   Data           4  system_stm32f1xx.o(.data)
    Username_len                             0x20000018   Data           1  iot_baidu.o(.data)
    Password_len                             0x20000019   Data           1  iot_baidu.o(.data)
    buflen                                   0x2000001a   Data           2  iot_baidu.o(.data)
    __microlib_freelist                      0x2000001c   Data           4  mvars.o(.data)
    __microlib_freelist_initialised          0x20000020   Data           4  mvars.o(.data)
    htim2                                    0x20000024   Data          64  tim.o(.bss)
    USART3_RX_BUF                            0x20000064   Data         800  usart.o(.bss)
    USART3_TX_BUF                            0x20000384   Data         800  usart.o(.bss)
    USART1_TX_BUF                            0x200006a4   Data         800  usart.o(.bss)
    huart1                                   0x200009c4   Data          64  usart.o(.bss)
    huart3                                   0x20000a04   Data          64  usart.o(.bss)
    buf                                      0x20000a44   Data         200  iot_baidu.o(.bss)
    ClientID                                 0x20000b0c   Data         128  iot_baidu.o(.bss)
    Username                                 0x20000b8c   Data         128  iot_baidu.o(.bss)
    Password                                 0x20000c0c   Data         128  iot_baidu.o(.bss)
    __heap_base                              0x20000c90   Data           0  startup_stm32f103xe.o(HEAP)
    __heap_limit                             0x20001490   Data           0  startup_stm32f103xe.o(HEAP)
    __initial_sp                             0x20001c90   Data           0  startup_stm32f103xe.o(STACK)



==============================================================================

Memory Map of the image

  Image Entry point : 0x08000131

  Load Region LR_IROM1 (Base: 0x08000000, Size: 0x00004cb4, Max: 0x00080000, ABSOLUTE)

    Execution Region ER_IROM1 (Base: 0x08000000, Size: 0x00004c90, Max: 0x00080000, ABSOLUTE)

    Base Addr    Size         Type   Attr      Idx    E Section Name        Object

    0x08000000   0x00000130   Data   RO            3    RESET               startup_stm32f103xe.o
    0x08000130   0x00000000   Code   RO         3484  * .ARM.Collect$$$$00000000  mc_w.l(entry.o)
    0x08000130   0x00000004   Code   RO         3792    .ARM.Collect$$$$00000001  mc_w.l(entry2.o)
    0x08000134   0x00000004   Code   RO         3795    .ARM.Collect$$$$00000004  mc_w.l(entry5.o)
    0x08000138   0x00000000   Code   RO         3797    .ARM.Collect$$$$00000008  mc_w.l(entry7b.o)
    0x08000138   0x00000000   Code   RO         3799    .ARM.Collect$$$$0000000A  mc_w.l(entry8b.o)
    0x08000138   0x00000008   Code   RO         3800    .ARM.Collect$$$$0000000B  mc_w.l(entry9a.o)
    0x08000140   0x00000000   Code   RO         3802    .ARM.Collect$$$$0000000D  mc_w.l(entry10a.o)
    0x08000140   0x00000000   Code   RO         3804    .ARM.Collect$$$$0000000F  mc_w.l(entry11a.o)
    0x08000140   0x00000004   Code   RO         3793    .ARM.Collect$$$$00002712  mc_w.l(entry2.o)
    0x08000144   0x00000024   Code   RO            4    .text               startup_stm32f103xe.o
    0x08000168   0x00000020   Code   RO         3487    .text               mc_w.l(llushr.o)
    0x08000188   0x00000024   Code   RO         3489    .text               mc_w.l(memcpya.o)
    0x080001ac   0x00000024   Code   RO         3491    .text               mc_w.l(memseta.o)
    0x080001d0   0x00000024   Code   RO         3493    .text               mc_w.l(strstr.o)
    0x080001f4   0x0000000e   Code   RO         3495    .text               mc_w.l(strlen.o)
    0x08000202   0x0000002c   Code   RO         3809    .text               mc_w.l(uidiv.o)
    0x0800022e   0x00000062   Code   RO         3811    .text               mc_w.l(uldiv.o)
    0x08000290   0x00000000   Code   RO         3815    .text               mc_w.l(iusefp.o)
    0x08000290   0x0000014e   Code   RO         3816    .text               mf_w.l(dadd.o)
    0x080003de   0x000000e4   Code   RO         3818    .text               mf_w.l(dmul.o)
    0x080004c2   0x000000de   Code   RO         3820    .text               mf_w.l(ddiv.o)
    0x080005a0   0x00000030   Code   RO         3822    .text               mf_w.l(dfixul.o)
    0x080005d0   0x00000030   Code   RO         3824    .text               mf_w.l(cdrcmple.o)
    0x08000600   0x00000024   Code   RO         3826    .text               mc_w.l(init.o)
    0x08000624   0x0000001e   Code   RO         3829    .text               mc_w.l(llshl.o)
    0x08000642   0x00000024   Code   RO         3831    .text               mc_w.l(llsshr.o)
    0x08000666   0x000000ba   Code   RO         3834    .text               mf_w.l(depilogue.o)
    0x08000720   0x00000002   Code   RO          416    i.BusFault_Handler  stm32f1xx_it.o
    0x08000722   0x00000002   Code   RO          417    i.DebugMon_Handler  stm32f1xx_it.o
    0x08000724   0x00000002   Code   RO          176    i.Error_Handler     main.o
    0x08000726   0x00000002   PAD
    0x08000728   0x00000130   Code   RO         1877    i.HAL_DMA_Abort_IT  stm32f1xx_hal_dma.o
    0x08000858   0x00000024   Code   RO         1504    i.HAL_Delay         stm32f1xx_hal.o
    0x0800087c   0x000001f8   Code   RO         1812    i.HAL_GPIO_Init     stm32f1xx_hal_gpio.o
    0x08000a74   0x0000000c   Code   RO         1508    i.HAL_GetTick       stm32f1xx_hal.o
    0x08000a80   0x00000010   Code   RO         1514    i.HAL_IncTick       stm32f1xx_hal.o
    0x08000a90   0x00000024   Code   RO         1515    i.HAL_Init          stm32f1xx_hal.o
    0x08000ab4   0x00000040   Code   RO         1516    i.HAL_InitTick      stm32f1xx_hal.o
    0x08000af4   0x0000003c   Code   RO          509    i.HAL_MspInit       stm32f1xx_hal_msp.o
    0x08000b30   0x0000001a   Code   RO         1972    i.HAL_NVIC_EnableIRQ  stm32f1xx_hal_cortex.o
    0x08000b4a   0x00000002   PAD
    0x08000b4c   0x00000040   Code   RO         1978    i.HAL_NVIC_SetPriority  stm32f1xx_hal_cortex.o
    0x08000b8c   0x00000024   Code   RO         1979    i.HAL_NVIC_SetPriorityGrouping  stm32f1xx_hal_cortex.o
    0x08000bb0   0x0000012c   Code   RO         1672    i.HAL_RCC_ClockConfig  stm32f1xx_hal_rcc.o
    0x08000cdc   0x00000020   Code   RO         1679    i.HAL_RCC_GetPCLK1Freq  stm32f1xx_hal_rcc.o
    0x08000cfc   0x00000020   Code   RO         1680    i.HAL_RCC_GetPCLK2Freq  stm32f1xx_hal_rcc.o
    0x08000d1c   0x0000006c   Code   RO         1681    i.HAL_RCC_GetSysClockFreq  stm32f1xx_hal_rcc.o
    0x08000d88   0x00000320   Code   RO         1684    i.HAL_RCC_OscConfig  stm32f1xx_hal_rcc.o
    0x080010a8   0x00000028   Code   RO         1983    i.HAL_SYSTICK_Config  stm32f1xx_hal_cortex.o
    0x080010d0   0x00000002   Code   RO         1246    i.HAL_TIMEx_BreakCallback  stm32f1xx_hal_tim_ex.o
    0x080010d2   0x00000002   Code   RO         1247    i.HAL_TIMEx_CommutCallback  stm32f1xx_hal_tim_ex.o
    0x080010d4   0x00000042   Code   RO         1264    i.HAL_TIMEx_MasterConfigSynchronization  stm32f1xx_hal_tim_ex.o
    0x08001116   0x00000036   Code   RO          571    i.HAL_TIM_Base_Init  stm32f1xx_hal_tim.o
    0x0800114c   0x00000038   Code   RO          295    i.HAL_TIM_Base_MspInit  tim.o
    0x08001184   0x00000022   Code   RO          576    i.HAL_TIM_Base_Start_IT  stm32f1xx_hal_tim.o
    0x080011a6   0x000000d6   Code   RO          580    i.HAL_TIM_ConfigClockSource  stm32f1xx_hal_tim.o
    0x0800127c   0x00000002   Code   RO          600    i.HAL_TIM_IC_CaptureCallback  stm32f1xx_hal_tim.o
    0x0800127e   0x00000166   Code   RO          614    i.HAL_TIM_IRQHandler  stm32f1xx_hal_tim.o
    0x080013e4   0x00000002   Code   RO          617    i.HAL_TIM_OC_DelayElapsedCallback  stm32f1xx_hal_tim.o
    0x080013e6   0x00000002   Code   RO          644    i.HAL_TIM_PWM_PulseFinishedCallback  stm32f1xx_hal_tim.o
    0x080013e8   0x00000050   Code   RO          296    i.HAL_TIM_PeriodElapsedCallback  tim.o
    0x08001438   0x00000002   Code   RO          657    i.HAL_TIM_TriggerCallback  stm32f1xx_hal_tim.o
    0x0800143a   0x00000002   Code   RO         2493    i.HAL_UART_ErrorCallback  stm32f1xx_hal_uart.o
    0x0800143c   0x00000110   Code   RO         2496    i.HAL_UART_IRQHandler  stm32f1xx_hal_uart.o
    0x0800154c   0x00000062   Code   RO         2497    i.HAL_UART_Init     stm32f1xx_hal_uart.o
    0x080015ae   0x00000002   PAD
    0x080015b0   0x00000128   Code   RO          343    i.HAL_UART_MspInit  usart.o
    0x080016d8   0x00000052   Code   RO         2502    i.HAL_UART_Receive_IT  stm32f1xx_hal_uart.o
    0x0800172a   0x00000002   PAD
    0x0800172c   0x00000050   Code   RO          344    i.HAL_UART_RxCpltCallback  usart.o
    0x0800177c   0x000000ba   Code   RO         2505    i.HAL_UART_Transmit  stm32f1xx_hal_uart.o
    0x08001836   0x00000002   Code   RO         2508    i.HAL_UART_TxCpltCallback  stm32f1xx_hal_uart.o
    0x08001838   0x00000002   Code   RO          418    i.HardFault_Handler  stm32f1xx_it.o
    0x0800183a   0x00000002   PAD
    0x0800183c   0x00000248   Code   RO         3291    i.IOT_baidu_connect  iot_baidu.o
    0x08001a84   0x00000068   Code   RO         3292    i.IOT_baidu_ping    iot_baidu.o
    0x08001aec   0x0000005c   Code   RO         2833    i.MQTTDeserialize_connack  mqttconnectclient.o
    0x08001b48   0x00000036   Code   RO         3003    i.MQTTPacket_decode  mqttpacket.o
    0x08001b7e   0x00000002   PAD
    0x08001b80   0x00000014   Code   RO         3004    i.MQTTPacket_decodeBuf  mqttpacket.o
    0x08001b94   0x00000028   Code   RO         3005    i.MQTTPacket_encode  mqttpacket.o
    0x08001bbc   0x00000028   Code   RO         3007    i.MQTTPacket_len    mqttpacket.o
    0x08001be4   0x0000004e   Code   RO         3008    i.MQTTPacket_read   mqttpacket.o
    0x08001c32   0x00000002   PAD
    0x08001c34   0x00000118   Code   RO         2834    i.MQTTSerialize_connect  mqttconnectclient.o
    0x08001d4c   0x00000076   Code   RO         2835    i.MQTTSerialize_connectLength  mqttconnectclient.o
    0x08001dc2   0x00000006   Code   RO         2837    i.MQTTSerialize_pingreq  mqttconnectclient.o
    0x08001dc8   0x00000032   Code   RO         2838    i.MQTTSerialize_zero  mqttconnectclient.o
    0x08001dfa   0x0000000e   Code   RO         3010    i.MQTTstrlen        mqttpacket.o
    0x08001e08   0x0000003c   Code   RO          243    i.MX_GPIO_Init      gpio.o
    0x08001e44   0x00000068   Code   RO          297    i.MX_TIM2_Init      tim.o
    0x08001eac   0x00000038   Code   RO          345    i.MX_USART1_UART_Init  usart.o
    0x08001ee4   0x00000038   Code   RO          346    i.MX_USART3_UART_Init  usart.o
    0x08001f1c   0x00000002   Code   RO          419    i.MemManage_Handler  stm32f1xx_it.o
    0x08001f1e   0x00000002   Code   RO          420    i.NMI_Handler       stm32f1xx_it.o
    0x08001f20   0x00000002   Code   RO          421    i.PendSV_Handler    stm32f1xx_it.o
    0x08001f22   0x00000002   Code   RO          422    i.SVC_Handler       stm32f1xx_it.o
    0x08001f24   0x00000004   Code   RO          423    i.SysTick_Handler   stm32f1xx_it.o
    0x08001f28   0x0000004e   Code   RO          177    i.SystemClock_Config  main.o
    0x08001f76   0x00000002   PAD
    0x08001f78   0x00000048   Code   RO         2799    i.SystemInit        system_stm32f1xx.o
    0x08001fc0   0x0000000c   Code   RO          424    i.TIM2_IRQHandler   stm32f1xx_it.o
    0x08001fcc   0x0000008c   Code   RO          659    i.TIM_Base_SetConfig  stm32f1xx_hal_tim.o
    0x08002058   0x00000014   Code   RO          670    i.TIM_ETR_SetConfig  stm32f1xx_hal_tim.o
    0x0800206c   0x00000010   Code   RO          671    i.TIM_ITRx_SetConfig  stm32f1xx_hal_tim.o
    0x0800207c   0x00000022   Code   RO          677    i.TIM_TI1_ConfigInputStage  stm32f1xx_hal_tim.o
    0x0800209e   0x00000024   Code   RO          679    i.TIM_TI2_ConfigInputStage  stm32f1xx_hal_tim.o
    0x080020c2   0x00000010   Code   RO         2510    i.UART_DMAAbortOnError  stm32f1xx_hal_uart.o
    0x080020d2   0x0000001c   Code   RO         2520    i.UART_EndRxTransfer  stm32f1xx_hal_uart.o
    0x080020ee   0x00000096   Code   RO         2522    i.UART_Receive_IT   stm32f1xx_hal_uart.o
    0x08002184   0x000000b8   Code   RO         2523    i.UART_SetConfig    stm32f1xx_hal_uart.o
    0x0800223c   0x00000062   Code   RO         2524    i.UART_Transmit_IT  stm32f1xx_hal_uart.o
    0x0800229e   0x00000064   Code   RO         2525    i.UART_WaitOnFlagUntilTimeout  stm32f1xx_hal_uart.o
    0x08002302   0x00000002   PAD
    0x08002304   0x0000000c   Code   RO          425    i.USART1_IRQHandler  stm32f1xx_it.o
    0x08002310   0x00000020   Code   RO          426    i.USART3_IRQHandler  stm32f1xx_it.o
    0x08002330   0x00000002   Code   RO          427    i.UsageFault_Handler  stm32f1xx_it.o
    0x08002332   0x00000002   PAD
    0x08002334   0x00000028   Code   RO         3738    i.__0sprintf        mc_w.l(printfa.o)
    0x0800235c   0x00000024   Code   RO         3742    i.__0vsprintf       mc_w.l(printfa.o)
    0x08002380   0x00000020   Code   RO         1985    i.__NVIC_SetPriority  stm32f1xx_hal_cortex.o
    0x080023a0   0x0000000e   Code   RO         3838    i.__scatterload_copy  mc_w.l(handlers.o)
    0x080023ae   0x00000002   Code   RO         3839    i.__scatterload_null  mc_w.l(handlers.o)
    0x080023b0   0x0000000e   Code   RO         3840    i.__scatterload_zeroinit  mc_w.l(handlers.o)
    0x080023be   0x00000002   PAD
    0x080023c0   0x00000164   Code   RO         3743    i._fp_digits        mc_w.l(printfa.o)
    0x08002524   0x000006dc   Code   RO         3744    i._printf_core      mc_w.l(printfa.o)
    0x08002c00   0x00000024   Code   RO         3745    i._printf_post_padding  mc_w.l(printfa.o)
    0x08002c24   0x0000002e   Code   RO         3746    i._printf_pre_padding  mc_w.l(printfa.o)
    0x08002c52   0x0000000a   Code   RO         3748    i._sputc            mc_w.l(printfa.o)
    0x08002c5c   0x00000024   Code   RO         3011    i.bufchar           mqttpacket.o
    0x08002c80   0x000000ac   Code   RO           13    i.esp8266_Connect_AP  esp8266.o
    0x08002d2c   0x00000574   Code   RO           14    i.esp8266_Connect_IOTServer  esp8266.o
    0x080032a0   0x000000d0   Code   RO           15    i.esp8266_Connect_Server  esp8266.o
    0x08003370   0x0000003c   Code   RO           16    i.esp8266_check_cmd  esp8266.o
    0x080033ac   0x00000050   Code   RO           17    i.esp8266_quit_trans  esp8266.o
    0x080033fc   0x00000078   Code   RO           18    i.esp8266_send_cmd  esp8266.o
    0x08003474   0x00000050   Code   RO         3764    i.free              mc_w.l(malloc.o)
    0x080034c4   0x0000007c   Code   RO          178    i.main              main.o
    0x08003540   0x0000006c   Code   RO         3765    i.malloc            mc_w.l(malloc.o)
    0x080035ac   0x0000000c   Code   RO         3013    i.readChar          mqttpacket.o
    0x080035b8   0x00000028   Code   RO         3241    i.transport_getdata  transport.o
    0x080035e0   0x00000034   Code   RO         3244    i.transport_sendPacketBuffer  transport.o
    0x08003614   0x00000040   Code   RO          347    i.u1_printf         usart.o
    0x08003654   0x00000040   Code   RO          348    i.u3_printf         usart.o
    0x08003694   0x00000012   Code   RO         3370    i.utils_hb2hex      utils_md5.o
    0x080036a6   0x000000d6   Code   RO         3332    i.utils_hmac_sha1   utils_hmac.o
    0x0800377c   0x000000d8   Code   RO         3432    i.utils_sha1_finish  utils_sha1.o
    0x08003854   0x00000006   Code   RO         3434    i.utils_sha1_init   utils_sha1.o
    0x0800385a   0x00000002   PAD
    0x0800385c   0x0000123e   Code   RO         3435    i.utils_sha1_process  utils_sha1.o
    0x08004a9a   0x00000002   PAD
    0x08004a9c   0x0000002c   Code   RO         3436    i.utils_sha1_starts  utils_sha1.o
    0x08004ac8   0x00000070   Code   RO         3437    i.utils_sha1_update  utils_sha1.o
    0x08004b38   0x00000028   Code   RO         3016    i.writeCString      mqttpacket.o
    0x08004b60   0x0000000c   Code   RO         3017    i.writeChar         mqttpacket.o
    0x08004b6c   0x0000001e   Code   RO         3018    i.writeInt          mqttpacket.o
    0x08004b8a   0x00000036   Code   RO         3019    i.writeMQTTString   mqttpacket.o
    0x08004bc0   0x00000010   Data   RO         2800    .constdata          system_stm32f1xx.o
    0x08004bd0   0x00000008   Data   RO         2801    .constdata          system_stm32f1xx.o
    0x08004bd8   0x00000058   Data   RO         3294    .constdata          iot_baidu.o
    0x08004c30   0x00000040   Data   RO         3438    .constdata          utils_sha1.o
    0x08004c70   0x00000020   Data   RO         3836    Region$$Table       anon$$obj.o


    Execution Region RW_IRAM1 (Base: 0x20000000, Size: 0x00001c90, Max: 0x00010000, ABSOLUTE)

    Base Addr    Size         Type   Attr      Idx    E Section Name        Object

    0x20000000   0x00000004   Data   RW          350    .data               usart.o
    0x20000004   0x0000000c   Data   RW         1522    .data               stm32f1xx_hal.o
    0x20000010   0x00000004   Data   RW         2802    .data               system_stm32f1xx.o
    0x20000014   0x00000004   Data   RW         3020    .data               mqttpacket.o
    0x20000018   0x00000004   Data   RW         3295    .data               iot_baidu.o
    0x2000001c   0x00000004   Data   RW         3813    .data               mc_w.l(mvars.o)
    0x20000020   0x00000004   Data   RW         3814    .data               mc_w.l(mvars.o)
    0x20000024   0x00000040   Zero   RW          298    .bss                tim.o
    0x20000064   0x000009e0   Zero   RW          349    .bss                usart.o
    0x20000a44   0x00000248   Zero   RW         3293    .bss                iot_baidu.o
    0x20000c8c   0x00000004   PAD
    0x20000c90   0x00000800   Zero   RW            2    HEAP                startup_stm32f103xe.o
    0x20001490   0x00000800   Zero   RW            1    STACK               startup_stm32f103xe.o


==============================================================================

Image component sizes


      Code (inc. data)   RO Data    RW Data    ZI Data      Debug   Object Name

      2036       1200          0          0          0     484718   esp8266.o
        60          6          0          0          0        747   gpio.o
       688        324         88          4        584       2036   iot_baidu.o
       204         24          0          0          0       4308   main.o
       546         18          0          0          0       7397   mqttconnectclient.o
       430         22          0          4          0       7050   mqttpacket.o
        36          8        304          0       4096        780   startup_stm32f103xe.o
       164         28          0         12          0       6257   stm32f1xx_hal.o
       198         14          0          0          0      28451   stm32f1xx_hal_cortex.o
       304          8          0          0          0       1055   stm32f1xx_hal_dma.o
       504         42          0          0          0       1968   stm32f1xx_hal_gpio.o
        60          8          0          0          0        802   stm32f1xx_hal_msp.o
      1272        100          0          0          0       4804   stm32f1xx_hal_rcc.o
       914         20          0          0          0       8757   stm32f1xx_hal_tim.o
        70          0          0          0          0       2205   stm32f1xx_hal_tim_ex.o
      1218         12          0          0          0       8155   stm32f1xx_hal_uart.o
        76         22          0          0          0       4844   stm32f1xx_it.o
        72         16         24          4          0       1091   system_stm32f1xx.o
       240         24          0          0         64       1986   tim.o
        92         20          0          0          0       1061   transport.o
       616         78          0          4       2528       4637   usart.o
       214          0          0          0          0       1254   utils_hmac.o
        18          0          0          0          0        443   utils_md5.o
      5048         38         64          0          0       5701   utils_sha1.o

    ----------------------------------------------------------------------
     15104       2032        512         28       7276     590507   Object Totals
         0          0         32          0          0          0   (incl. Generated)
        24          0          0          0          4          0   (incl. Padding)

    ----------------------------------------------------------------------

      Code (inc. data)   RO Data    RW Data    ZI Data      Debug   Library Member Name

         0          0          0          0          0          0   entry.o
         0          0          0          0          0          0   entry10a.o
         0          0          0          0          0          0   entry11a.o
         8          4          0          0          0          0   entry2.o
         4          0          0          0          0          0   entry5.o
         0          0          0          0          0          0   entry7b.o
         0          0          0          0          0          0   entry8b.o
         8          4          0          0          0          0   entry9a.o
        30          0          0          0          0          0   handlers.o
        36          8          0          0          0         68   init.o
         0          0          0          0          0          0   iusefp.o
        30          0          0          0          0         68   llshl.o
        36          0          0          0          0         68   llsshr.o
        32          0          0          0          0         68   llushr.o
       188         20          0          0          0        160   malloc.o
        36          0          0          0          0         68   memcpya.o
        36          0          0          0          0        108   memseta.o
         0          0          0          8          0          0   mvars.o
      2280         92          0          0          0        592   printfa.o
        14          0          0          0          0         68   strlen.o
        36          0          0          0          0         80   strstr.o
        44          0          0          0          0         80   uidiv.o
        98          0          0          0          0         92   uldiv.o
        48          0          0          0          0         68   cdrcmple.o
       334          0          0          0          0        148   dadd.o
       222          0          0          0          0        100   ddiv.o
       186          0          0          0          0        176   depilogue.o
        48          0          0          0          0         68   dfixul.o
       228          0          0          0          0         96   dmul.o

    ----------------------------------------------------------------------
      3984        128          0          8          0       2176   Library Totals
         2          0          0          0          0          0   (incl. Padding)

    ----------------------------------------------------------------------

      Code (inc. data)   RO Data    RW Data    ZI Data      Debug   Library Name

      2916        128          0          8          0       1520   mc_w.l
      1066          0          0          0          0        656   mf_w.l

    ----------------------------------------------------------------------
      3984        128          0          8          0       2176   Library Totals

    ----------------------------------------------------------------------

==============================================================================


      Code (inc. data)   RO Data    RW Data    ZI Data      Debug   

     19088       2160        512         36       7276     586387   Grand Totals
     19088       2160        512         36       7276     586387   ELF Image Totals
     19088       2160        512         36          0          0   ROM Totals

==============================================================================

    Total RO  Size (Code + RO Data)                19600 (  19.14kB)
    Total RW  Size (RW Data + ZI Data)              7312 (   7.14kB)
    Total ROM Size (Code + RO Data + RW Data)      19636 (  19.18kB)

==============================================================================

